Component: ARM Compiler 5.06 update 4 (build 422) Tool: armlink [4d3601]

==============================================================================

Section Cross References

    system_stm32f10x.o(i.SetSysClock) refers to system_stm32f10x.o(i.SetSysClockTo72) for SetSysClockTo72
    system_stm32f10x.o(i.SystemCoreClockUpdate) refers to system_stm32f10x.o(.data) for SystemCoreClock
    system_stm32f10x.o(i.SystemInit) refers to system_stm32f10x.o(i.SetSysClock) for SetSysClock
    main.o(i.main) refers to _printf_percent.o(.ARM.Collect$$_printf_percent$$00000000) for _printf_percent
    main.o(i.main) refers to _printf_f.o(.ARM.Collect$$_printf_percent$$00000003) for _printf_f
    main.o(i.main) refers to printf1.o(x$fpl$printf1) for _printf_fp_dec
    main.o(i.main) refers to delay.o(i.delay_init) for delay_init
    main.o(i.main) refers to sys.o(i.NVIC_Configuration) for NVIC_Configuration
    main.o(i.main) refers to usart.o(i.uart_init) for uart_init
    main.o(i.main) refers to led.o(i.LED_Init) for LED_Init
    main.o(i.main) refers to oled.o(i.OLED_Init) for OLED_Init
    main.o(i.main) refers to oled.o(i.OLED_ColorTurn) for OLED_ColorTurn
    main.o(i.main) refers to oled.o(i.OLED_DisplayTurn) for OLED_DisplayTurn
    main.o(i.main) refers to mpu6050.o(i.MPU_Init) for MPU_Init
    main.o(i.main) refers to inv_mpu.o(i.mpu_dmp_init) for mpu_dmp_init
    main.o(i.main) refers to exti.o(i.MPU6050_EXTI_Init) for MPU6050_EXTI_Init
    main.o(i.main) refers to encoder.o(i.Encoder_TIM2_Init) for Encoder_TIM2_Init
    main.o(i.main) refers to encoder.o(i.Encoder_TIM4_Init) for Encoder_TIM4_Init
    main.o(i.main) refers to motor.o(i.Motor_Init) for Motor_Init
    main.o(i.main) refers to pwm.o(i.PWM_Init_TIM1) for PWM_Init_TIM1
    main.o(i.main) refers to 24l01.o(i.NRF24L01_Init) for NRF24L01_Init
    main.o(i.main) refers to 24l01.o(i.NRF24L01_RX_Mode) for NRF24L01_RX_Mode
    main.o(i.main) refers to noretval__2sprintf.o(.text) for __2sprintf
    main.o(i.main) refers to oled.o(i.OLED_ShowString) for OLED_ShowString
    main.o(i.main) refers to f2d.o(x$fpl$f2d) for __aeabi_f2d
    main.o(i.main) refers to oled.o(i.OLED_Refresh) for OLED_Refresh
    main.o(i.main) refers to 24l01.o(i.NRF24L01_RxPacket) for NRF24L01_RxPacket
    main.o(i.main) refers to main.o(.bss) for string
    main.o(i.main) refers to control.o(.data) for Pitch
    main.o(i.main) refers to main.o(.data) for Get_24L01_Data
    startup_stm32f10x_md.o(STACK) refers (Special) to heapauxi.o(.text) for __use_two_region_memory
    startup_stm32f10x_md.o(HEAP) refers (Special) to heapauxi.o(.text) for __use_two_region_memory
    startup_stm32f10x_md.o(RESET) refers (Special) to heapauxi.o(.text) for __use_two_region_memory
    startup_stm32f10x_md.o(RESET) refers to startup_stm32f10x_md.o(STACK) for __initial_sp
    startup_stm32f10x_md.o(RESET) refers to startup_stm32f10x_md.o(.text) for Reset_Handler
    startup_stm32f10x_md.o(RESET) refers to stm32f10x_it.o(i.NMI_Handler) for NMI_Handler
    startup_stm32f10x_md.o(RESET) refers to stm32f10x_it.o(i.HardFault_Handler) for HardFault_Handler
    startup_stm32f10x_md.o(RESET) refers to stm32f10x_it.o(i.MemManage_Handler) for MemManage_Handler
    startup_stm32f10x_md.o(RESET) refers to stm32f10x_it.o(i.BusFault_Handler) for BusFault_Handler
    startup_stm32f10x_md.o(RESET) refers to stm32f10x_it.o(i.UsageFault_Handler) for UsageFault_Handler
    startup_stm32f10x_md.o(RESET) refers to stm32f10x_it.o(i.SVC_Handler) for SVC_Handler
    startup_stm32f10x_md.o(RESET) refers to stm32f10x_it.o(i.DebugMon_Handler) for DebugMon_Handler
    startup_stm32f10x_md.o(RESET) refers to stm32f10x_it.o(i.PendSV_Handler) for PendSV_Handler
    startup_stm32f10x_md.o(RESET) refers to stm32f10x_it.o(i.SysTick_Handler) for SysTick_Handler
    startup_stm32f10x_md.o(RESET) refers to control.o(i.EXTI2_IRQHandler) for EXTI2_IRQHandler
    startup_stm32f10x_md.o(RESET) refers to encoder.o(i.TIM2_IRQHandler) for TIM2_IRQHandler
    startup_stm32f10x_md.o(RESET) refers to encoder.o(i.TIM4_IRQHandler) for TIM4_IRQHandler
    startup_stm32f10x_md.o(RESET) refers to usart.o(i.USART1_IRQHandler) for USART1_IRQHandler
    startup_stm32f10x_md.o(.text) refers (Special) to heapauxi.o(.text) for __use_two_region_memory
    startup_stm32f10x_md.o(.text) refers to system_stm32f10x.o(i.SystemInit) for SystemInit
    startup_stm32f10x_md.o(.text) refers to __main.o(!!!main) for __main
    startup_stm32f10x_md.o(.text) refers to startup_stm32f10x_md.o(HEAP) for Heap_Mem
    startup_stm32f10x_md.o(.text) refers to startup_stm32f10x_md.o(STACK) for Stack_Mem
    oled.o(i.I2C_Start) refers to stm32f10x_gpio.o(i.GPIO_SetBits) for GPIO_SetBits
    oled.o(i.I2C_Start) refers to oled.o(i.IIC_delay) for IIC_delay
    oled.o(i.I2C_Start) refers to stm32f10x_gpio.o(i.GPIO_ResetBits) for GPIO_ResetBits
    oled.o(i.I2C_Stop) refers to stm32f10x_gpio.o(i.GPIO_ResetBits) for GPIO_ResetBits
[...]
    __rt_lib_init_lc_time_1                  0x080001cb   Thumb Code     0  libinit2.o(.ARM.Collect$$libinit$$00000019)
    __rt_lib_init_return                     0x080001cb   Thumb Code     0  libinit2.o(.ARM.Collect$$libinit$$00000033)
    __rt_lib_init_signal_1                   0x080001cb   Thumb Code     0  libinit2.o(.ARM.Collect$$libinit$$0000001D)
    __rt_lib_init_stdio_1                    0x080001cb   Thumb Code     0  libinit2.o(.ARM.Collect$$libinit$$00000025)
    __rt_lib_shutdown                        0x080001cd   Thumb Code     0  libshutdown.o(.ARM.Collect$$libshutdown$$00000000)
    __rt_lib_shutdown_cpp_1                  0x080001cf   Thumb Code     0  libshutdown2.o(.ARM.Collect$$libshutdown$$00000002)
    __rt_lib_shutdown_fp_trap_1              0x080001cf   Thumb Code     0  libshutdown2.o(.ARM.Collect$$libshutdown$$00000007)
    __rt_lib_shutdown_heap_1                 0x080001cf   Thumb Code     0  libshutdown2.o(.ARM.Collect$$libshutdown$$0000000F)
    __rt_lib_shutdown_return                 0x080001cf   Thumb Code     0  libshutdown2.o(.ARM.Collect$$libshutdown$$00000010)
    __rt_lib_shutdown_signal_1               0x080001cf   Thumb Code     0  libshutdown2.o(.ARM.Collect$$libshutdown$$0000000A)
    __rt_lib_shutdown_stdio_1                0x080001cf   Thumb Code     0  libshutdown2.o(.ARM.Collect$$libshutdown$$00000004)
    __rt_lib_shutdown_user_alloc_1           0x080001cf   Thumb Code     0  libshutdown2.o(.ARM.Collect$$libshutdown$$0000000C)
    __rt_entry                               0x080001d1   Thumb Code     0  __rtentry.o(.ARM.Collect$$rtentry$$00000000)
    __rt_entry_presh_1                       0x080001d1   Thumb Code     0  __rtentry2.o(.ARM.Collect$$rtentry$$00000002)
    __rt_entry_sh                            0x080001d1   Thumb Code     0  __rtentry4.o(.ARM.Collect$$rtentry$$00000004)
    __rt_entry_li                            0x080001d7   Thumb Code     0  __rtentry2.o(.ARM.Collect$$rtentry$$0000000A)
    __rt_entry_postsh_1                      0x080001d7   Thumb Code     0  __rtentry2.o(.ARM.Collect$$rtentry$$00000009)
    __rt_entry_main                          0x080001db   Thumb Code     0  __rtentry2.o(.ARM.Collect$$rtentry$$0000000D)
    __rt_entry_postli_1                      0x080001db   Thumb Code     0  __rtentry2.o(.ARM.Collect$$rtentry$$0000000C)
    __rt_exit                                0x080001e3   Thumb Code     0  rtexit.o(.ARM.Collect$$rtexit$$00000000)
    __rt_exit_ls                             0x080001e5   Thumb Code     0  rtexit2.o(.ARM.Collect$$rtexit$$00000003)
    __rt_exit_prels_1                        0x080001e5   Thumb Code     0  rtexit2.o(.ARM.Collect$$rtexit$$00000002)
    __rt_exit_exit                           0x080001e9   Thumb Code     0  rtexit2.o(.ARM.Collect$$rtexit$$00000004)
    Reset_Handler                            0x080001f1   Thumb Code     8  startup_stm32f10x_md.o(.text)
    ADC1_2_IRQHandler                        0x0800020b   Thumb Code     0  startup_stm32f10x_md.o(.text)
    CAN1_RX1_IRQHandler                      0x0800020b   Thumb Code     0  startup_stm32f10x_md.o(.text)
    CAN1_SCE_IRQHandler                      0x0800020b   Thumb Code     0  startup_stm32f10x_md.o(.text)
    DMA1_Channel1_IRQHandler                 0x0800020b   Thumb Code     0  startup_stm32f10x_md.o(.text)
    DMA1_Channel2_IRQHandler                 0x0800020b   Thumb Code     0  startup_stm32f10x_md.o(.text)
    DMA1_Channel3_IRQHandler                 0x0800020b   Thumb Code     0  startup_stm32f10x_md.o(.text)
    DMA1_Channel4_IRQHandler                 0x0800020b   Thumb Code     0  startup_stm32f10x_md.o(.text)
    DMA1_Channel5_IRQHandler                 0x0800020b   Thumb Code     0  startup_stm32f10x_md.o(.text)
    DMA1_Channel6_IRQHandler                 0x0800020b   Thumb Code     0  startup_stm32f10x_md.o(.text)
    DMA1_Channel7_IRQHandler                 0x0800020b   Thumb Code     0  startup_stm32f10x_md.o(.text)
    EXTI0_IRQHandler                         0x0800020b   Thumb Code     0  startup_stm32f10x_md.o(.text)
    EXTI15_10_IRQHandler                     0x0800020b   Thumb Code     0  startup_stm32f10x_md.o(.text)
    EXTI1_IRQHandler                         0x0800020b   Thumb Code     0  startup_stm32f10x_md.o(.text)
    EXTI3_IRQHandler                         0x0800020b   Thumb Code     0  startup_stm32f10x_md.o(.text)
    EXTI4_IRQHandler                         0x0800020b   Thumb Code     0  startup_stm32f10x_md.o(.text)
    EXTI9_5_IRQHandler                       0x0800020b   Thumb Code     0  startup_stm32f10x_md.o(.text)
    FLASH_IRQHandler                         0x0800020b   Thumb Code     0  startup_stm32f10x_md.o(.text)
    I2C1_ER_IRQHandler                       0x0800020b   Thumb Code     0  startup_stm32f10x_md.o(.text)
    I2C1_EV_IRQHandler                       0x0800020b   Thumb Code     0  startup_stm32f10x_md.o(.text)
    I2C2_ER_IRQHandler                       0x0800020b   Thumb Code     0  startup_stm32f10x_md.o(.text)
    I2C2_EV_IRQHandler                       0x0800020b   Thumb Code     0  startup_stm32f10x_md.o(.text)
    PVD_IRQHandler                           0x0800020b   Thumb Code     0  startup_stm32f10x_md.o(.text)
    RCC_IRQHandler                           0x0800020b   Thumb Code     0  startup_stm32f10x_md.o(.text)
    RTCAlarm_IRQHandler                      0x0800020b   Thumb Code     0  startup_stm32f10x_md.o(.text)
    RTC_IRQHandler                           0x0800020b   Thumb Code     0  startup_stm32f10x_md.o(.text)
    SPI1_IRQHandler                          0x0800020b   Thumb Code     0  startup_stm32f10x_md.o(.text)
    SPI2_IRQHandler                          0x0800020b   Thumb Code     0  startup_stm32f10x_md.o(.text)
    TAMPER_IRQHandler                        0x0800020b   Thumb Code     0  startup_stm32f10x_md.o(.text)
    TIM1_BRK_IRQHandler                      0x0800020b   Thumb Code     0  startup_stm32f10x_md.o(.text)
    TIM1_CC_IRQHandler                       0x0800020b   Thumb Code     0  startup_stm32f10x_md.o(.text)
    TIM1_TRG_COM_IRQHandler                  0x0800020b   Thumb Code     0  startup_stm32f10x_md.o(.text)
    TIM1_UP_IRQHandler                       0x0800020b   Thumb Code     0  startup_stm32f10x_md.o(.text)
    TIM3_IRQHandler                          0x0800020b   Thumb Code     0  startup_stm32f10x_md.o(.text)
    USART2_IRQHandler                        0x0800020b   Thumb Code     0  startup_stm32f10x_md.o(.text)
    USART3_IRQHandler                        0x0800020b   Thumb Code     0  startup_stm32f10x_md.o(.text)
    USBWakeUp_IRQHandler                     0x0800020b   Thumb Code     0  startup_stm32f10x_md.o(.text)
    USB_HP_CAN1_TX_IRQHandler                0x0800020b   Thumb Code     0  startup_stm32f10x_md.o(.text)
    USB_LP_CAN1_RX0_IRQHandler               0x0800020b   Thumb Code     0  startup_stm32f10x_md.o(.text)
    WWDG_IRQHandler                          0x0800020b   Thumb Code     0  startup_stm32f10x_md.o(.text)
    __user_initial_stackheap                 0x0800020d   Thumb Code     0  startup_stm32f10x_md.o(.text)
    __use_no_semihosting                     0x08000231   Thumb Code     2  use_no_semi_2.o(.text)
    __aeabi_ldivmod                          0x08000233   Thumb Code     0  llsdiv.o(.text)
    _ll_sdiv                                 0x08000233   Thumb Code    72  llsdiv.o(.text)
    __2printf                                0x0800027d   Thumb Code    20  noretval__2printf.o(.text)
    __2sprintf                               0x08000295   Thumb Code    34  noretval__2sprintf.o(.text)
    _printf_int_dec                          0x080002bd   Thumb Code   104  _printf_dec.o(.text)
    __printf                                 0x08000335   Thumb Code   308  __printf_flags_wp.o(.text)
    memcmp                                   0x0800046d   Thumb Code    88  memcmp.o(.text)
    __aeabi_memset                           0x080004c5   Thumb Code    16  aeabi_memset.o(.text)
    __use_two_region_memory                  0x080004d5   Thumb Code     2  heapauxi.o(.text)
    __rt_heap_escrow$2region                 0x080004d7   Thumb Code     2  heapauxi.o(.text)
    __rt_heap_expand$2region                 0x080004d9   Thumb Code     2  heapauxi.o(.text)
    __I$use$semihosting                      0x080004db   Thumb Code     0  use_no_semi.o(.text)
    __use_no_semihosting_swi                 0x080004db   Thumb Code     2  use_no_semi.o(.text)
    __aeabi_uldivmod                         0x080004dd   Thumb Code     0  lludivv7m.o(.text)
    _ll_udiv                                 0x080004dd   Thumb Code   238  lludivv7m.o(.text)
    __read_errno                             0x080005cb   Thumb Code    10  _rserrno.o(.text)
    __set_errno                              0x080005d5   Thumb Code    12  _rserrno.o(.text)
    _printf_int_common                       0x080005e1   Thumb Code   178  _printf_intcommon.o(.text)
    __lib_sel_fp_printf                      0x08000693   Thumb Code     2  _printf_fp_dec.o(.text)
    _printf_fp_dec_real                      0x08000841   Thumb Code   620  _printf_fp_dec.o(.text)
    _printf_char_common                      0x08000ab7   Thumb Code    32  _printf_char_common.o(.text)
    _sputc                                   0x08000add   Thumb Code    10  _sputc.o(.text)
    _printf_char_file                        0x08000ae9   Thumb Code    32  _printf_char_file.o(.text)
    __aeabi_memclr                           0x08000b0d   Thumb Code     0  rt_memclr.o(.text)
    __rt_memclr                              0x08000b0d   Thumb Code    68  rt_memclr.o(.text)
    _memset                                  0x08000b11   Thumb Code     0  rt_memclr.o(.text)
    __rt_locale                              0x08000b51   Thumb Code     8  rt_locale_intlibspace.o(.text)
    __aeabi_errno_addr                       0x08000b59   Thumb Code     8  rt_errno_addr_intlibspace.o(.text)
    __errno$intlibspace                      0x08000b59   Thumb Code     0  rt_errno_addr_intlibspace.o(.text)
    __rt_errno_addr$intlibspace              0x08000b59   Thumb Code     0  rt_errno_addr_intlibspace.o(.text)
    _ll_udiv10                               0x08000b61   Thumb Code   138  lludiv10.o(.text)
    _printf_fp_infnan                        0x08000bed   Thumb Code   112  _printf_fp_infnan.o(.text)
    _btod_etento                             0x08000c6d   Thumb Code   216  bigflt0.o(.text)
    ferror                                   0x08000d49   Thumb Code     8  ferror.o(.text)
    __aeabi_memclr4                          0x08000d51   Thumb Code     0  rt_memclr_w.o(.text)
    __aeabi_memclr8                          0x08000d51   Thumb Code     0  rt_memclr_w.o(.text)
    __rt_memclr_w                            0x08000d51   Thumb Code    78  rt_memclr_w.o(.text)
    _memset_w                                0x08000d55   Thumb Code     0  rt_memclr_w.o(.text)
    __user_libspace                          0x08000da1   Thumb Code     8  libspace.o(.text)
    __user_perproc_libspace                  0x08000da1   Thumb Code     0  libspace.o(.text)
    __user_perthread_libspace                0x08000da1   Thumb Code     0  libspace.o(.text)
    __user_setup_stackheap                   0x08000da9   Thumb Code    74  sys_stackheap_outer.o(.text)
    exit                                     0x08000df3   Thumb Code    18  exit.o(.text)
    strcmp                                   0x08000e05   Thumb Code   128  strcmpv7m.o(.text)
    _btod_d2e                                0x08000e85   Thumb Code    62  btod.o(CL$$btod_d2e)
    _d2e_denorm_low                          0x08000ec3   Thumb Code    70  btod.o(CL$$btod_d2e_denorm_low)
    _d2e_norm_op1                            0x08000f09   Thumb Code    96  btod.o(CL$$btod_d2e_norm_op1)
    __btod_div_common                        0x08000f69   Thumb Code   696  btod.o(CL$$btod_div_common)
    _e2e                                     0x080012a1   Thumb Code   198  btod.o(CL$$btod_e2e)
    _btod_ediv                               0x08001367   Thumb Code    40  btod.o(CL$$btod_ediv)
    _btod_emul                               0x0800138f   Thumb Code    40  btod.o(CL$$btod_emul)
    __btod_mult_common                       0x080013b7   Thumb Code   580  btod.o(CL$$btod_mult_common)
    BusFault_Handler                         0x080015fb   Thumb Code     4  stm32f10x_it.o(i.BusFault_Handler)
    DebugMon_Handler                         0x080015ff   Thumb Code     2  stm32f10x_it.o(i.DebugMon_Handler)
    EXTI2_IRQHandler                         0x08001601   Thumb Code   266  control.o(i.EXTI2_IRQHandler)
    EXTI_ClearITPendingBit                   0x08001759   Thumb Code     6  stm32f10x_exti.o(i.EXTI_ClearITPendingBit)
    EXTI_GetITStatus                         0x08001765   Thumb Code    34  stm32f10x_exti.o(i.EXTI_GetITStatus)
    EXTI_Init                                0x0800178d   Thumb Code   142  stm32f10x_exti.o(i.EXTI_Init)
    Encoder_TIM2_Init                        0x08001821   Thumb Code   154  encoder.o(i.Encoder_TIM2_Init)
    Encoder_TIM4_Init                        0x080018c1   Thumb Code   148  encoder.o(i.Encoder_TIM4_Init)
    GFP_abs                                  0x0800195d   Thumb Code    16  motor.o(i.GFP_abs)
    GPIO_EXTILineConfig                      0x0800196d   Thumb Code    60  stm32f10x_gpio.o(i.GPIO_EXTILineConfig)
    GPIO_Init                                0x080019ad   Thumb Code   278  stm32f10x_gpio.o(i.GPIO_Init)
    GPIO_PinRemapConfig                      0x08001ac5   Thumb Code   138  stm32f10x_gpio.o(i.GPIO_PinRemapConfig)
    GPIO_ResetBits                           0x08001b55   Thumb Code     4  stm32f10x_gpio.o(i.GPIO_ResetBits)
    GPIO_SetBits                             0x08001b59   Thumb Code     4  stm32f10x_gpio.o(i.GPIO_SetBits)
    HardFault_Handler                        0x08001b5d   Thumb Code     4  stm32f10x_it.o(i.HardFault_Handler)
    I2C_Start                                0x08001b61   Thumb Code    48  oled.o(i.I2C_Start)
    I2C_Stop                                 0x08001b95   Thumb Code    32  oled.o(i.I2C_Stop)
    I2C_WaitAck                              0x08001bb9   Thumb Code    40  oled.o(i.I2C_WaitAck)
    IIC_delay                                0x08001be5   Thumb Code    16  oled.o(i.IIC_delay)
    LED_Init                                 0x08001bf5   Thumb Code    82  led.o(i.LED_Init)
    Limit                                    0x08001c51   Thumb Code    66  motor.o(i.Limit)
    Load                                     0x08001c9d   Thumb Code   112  motor.o(i.Load)
    MPU6050_EXTI_Init                        0x08001d19   Thumb Code    74  exti.o(i.MPU6050_EXTI_Init)
    MPU_Get_Gyroscope                        0x08001d69   Thumb Code    80  mpu6050.o(i.MPU_Get_Gyroscope)
    MPU_IIC_Ack                              0x08001db9   Thumb Code    62  mpuiic.o(i.MPU_IIC_Ack)
    MPU_IIC_Delay                            0x08001e05   Thumb Code    10  mpuiic.o(i.MPU_IIC_Delay)
    MPU_IIC_Init                             0x08001e11   Thumb Code    50  mpuiic.o(i.MPU_IIC_Init)
    MPU_IIC_NAck                             0x08001e49   Thumb Code    62  mpuiic.o(i.MPU_IIC_NAck)
    MPU_IIC_Read_Byte                        0x08001e95   Thumb Code    94  mpuiic.o(i.MPU_IIC_Read_Byte)
    MPU_IIC_Send_Byte                        0x08001f01   Thumb Code    80  mpuiic.o(i.MPU_IIC_Send_Byte)
    MPU_IIC_Start                            0x08001f5d   Thumb Code    60  mpuiic.o(i.MPU_IIC_Start)
    MPU_IIC_Stop                             0x08001fa5   Thumb Code    58  mpuiic.o(i.MPU_IIC_Stop)
    MPU_IIC_Wait_Ack                         0x08001fed   Thumb Code    86  mpuiic.o(i.MPU_IIC_Wait_Ack)
    MPU_Init                                 0x08002051   Thumb Code   180  mpu6050.o(i.MPU_Init)
    MPU_Read_Byte                            0x08002111   Thumb Code    58  mpu6050.o(i.MPU_Read_Byte)
    MPU_Read_Len                             0x0800214b   Thumb Code   116  mpu6050.o(i.MPU_Read_Len)
    MPU_Set_Accel_Fsr                        0x080021bf   Thumb Code    16  mpu6050.o(i.MPU_Set_Accel_Fsr)
    MPU_Set_Gyro_Fsr                         0x080021cf   Thumb Code    16  mpu6050.o(i.MPU_Set_Gyro_Fsr)
    MPU_Set_LPF                              0x080021df   Thumb Code    58  mpu6050.o(i.MPU_Set_LPF)
    MPU_Set_Rate                             0x08002219   Thumb Code    58  mpu6050.o(i.MPU_Set_Rate)
    MPU_Write_Byte                           0x08002253   Thumb Code    68  mpu6050.o(i.MPU_Write_Byte)
    MPU_Write_Len                            0x08002297   Thumb Code    96  mpu6050.o(i.MPU_Write_Len)
    MemManage_Handler                        0x080022f7   Thumb Code     4  stm32f10x_it.o(i.MemManage_Handler)
    Motor_Init                               0x080022fd   Thumb Code    40  motor.o(i.Motor_Init)
    NMI_Handler                              0x08002329   Thumb Code     2  stm32f10x_it.o(i.NMI_Handler)
    NRF24L01_Init                            0x0800232d   Thumb Code   180  24l01.o(i.NRF24L01_Init)
    NRF24L01_RX_Mode                         0x080023f1   Thumb Code    98  24l01.o(i.NRF24L01_RX_Mode)
    NRF24L01_Read_Buf                        0x08002465   Thumb Code    56  24l01.o(i.NRF24L01_Read_Buf)
    NRF24L01_Read_Reg                        0x080024a1   Thumb Code    36  24l01.o(i.NRF24L01_Read_Reg)
    NRF24L01_RxPacket                        0x080024cd   Thumb Code    66  24l01.o(i.NRF24L01_RxPacket)
    NRF24L01_SPI_RW                          0x08002519   Thumb Code    86  24l01.o(i.NRF24L01_SPI_RW)
    NRF24L01_Write_Buf                       0x08002579   Thumb Code    56  24l01.o(i.NRF24L01_Write_Buf)
    NRF24L01_Write_Reg                       0x080025b5   Thumb Code    38  24l01.o(i.NRF24L01_Write_Reg)
    NVIC_Configuration                       0x080025e5   Thumb Code    66  sys.o(i.NVIC_Configuration)
    NVIC_Init                                0x08002629   Thumb Code   100  misc.o(i.NVIC_Init)
    NVIC_PriorityGroupConfig                 0x08002699   Thumb Code    10  misc.o(i.NVIC_PriorityGroupConfig)
    OLED_Clear                               0x080026ad   Thumb Code    42  oled.o(i.OLED_Clear)
    OLED_ColorTurn                           0x080026dd   Thumb Code    28  oled.o(i.OLED_ColorTurn)
    OLED_DisplayTurn                         0x080026f9   Thumb Code    44  oled.o(i.OLED_DisplayTurn)
    OLED_DrawPoint                           0x08002725   Thumb Code   114  oled.o(i.OLED_DrawPoint)
    OLED_Init                                0x0800279d   Thumb Code   296  oled.o(i.OLED_Init)
    OLED_Refresh                             0x080028d1   Thumb Code   100  oled.o(i.OLED_Refresh)
    OLED_ShowChar                            0x08002939   Thumb Code   300  oled.o(i.OLED_ShowChar)
    OLED_ShowString                          0x08002a75   Thumb Code    74  oled.o(i.OLED_ShowString)
    OLED_WR_Byte                             0x08002abf   Thumb Code    56  oled.o(i.OLED_WR_Byte)
    PWM_Init_TIM1                            0x08002af9   Thumb Code   162  pwm.o(i.PWM_Init_TIM1)
    PendSV_Handler                           0x08002ba5   Thumb Code     2  stm32f10x_it.o(i.PendSV_Handler)
    RCC_APB1PeriphClockCmd                   0x08002ba9   Thumb Code    26  stm32f10x_rcc.o(i.RCC_APB1PeriphClockCmd)
    RCC_APB2PeriphClockCmd                   0x08002bc9   Thumb Code    26  stm32f10x_rcc.o(i.RCC_APB2PeriphClockCmd)
    RCC_GetClocksFreq                        0x08002be9   Thumb Code   192  stm32f10x_rcc.o(i.RCC_GetClocksFreq)
    Read_Speed                               0x08002cbd   Thumb Code    64  encoder.o(i.Read_Speed)
    SVC_Handler                              0x08002d01   Thumb Code     2  stm32f10x_it.o(i.SVC_Handler)
    Send_Byte                                0x08002d05   Thumb Code    70  oled.o(i.Send_Byte)
    SysTick_CLKSourceConfig                  0x08002e39   Thumb Code    40  misc.o(i.SysTick_CLKSourceConfig)
    SysTick_Handler                          0x08002e61   Thumb Code     2  stm32f10x_it.o(i.SysTick_Handler)
    SystemInit                               0x08002e65   Thumb Code    78  system_stm32f10x.o(i.SystemInit)
    TIM2_IRQHandler                          0x08003105   Thumb Code    24  encoder.o(i.TIM2_IRQHandler)
    TIM4_IRQHandler                          0x0800311d   Thumb Code    24  encoder.o(i.TIM4_IRQHandler)
    TIM_ARRPreloadConfig                     0x08003139   Thumb Code    24  stm32f10x_tim.o(i.TIM_ARRPreloadConfig)
    TIM_ClearFlag                            0x08003151   Thumb Code     6  stm32f10x_tim.o(i.TIM_ClearFlag)
    TIM_ClearITPendingBit                    0x08003157   Thumb Code     6  stm32f10x_tim.o(i.TIM_ClearITPendingBit)
    TIM_Cmd                                  0x0800315d   Thumb Code    24  stm32f10x_tim.o(i.TIM_Cmd)
    TIM_CtrlPWMOutputs                       0x08003175   Thumb Code    30  stm32f10x_tim.o(i.TIM_CtrlPWMOutputs)
    TIM_EncoderInterfaceConfig               0x08003193   Thumb Code    66  stm32f10x_tim.o(i.TIM_EncoderInterfaceConfig)
    TIM_GetCounter                           0x080031d5   Thumb Code     6  stm32f10x_tim.o(i.TIM_GetCounter)
    TIM_GetITStatus                          0x080031db   Thumb Code    34  stm32f10x_tim.o(i.TIM_GetITStatus)
    TIM_ICInit                               0x080031fd   Thumb Code   150  stm32f10x_tim.o(i.TIM_ICInit)
    TIM_ICStructInit                         0x080032a9   Thumb Code    18  stm32f10x_tim.o(i.TIM_ICStructInit)
    TIM_ITConfig                             0x080032bb   Thumb Code    18  stm32f10x_tim.o(i.TIM_ITConfig)
    TIM_OC1Init                              0x080032cd   Thumb Code   132  stm32f10x_tim.o(i.TIM_OC1Init)
    TIM_OC1PreloadConfig                     0x08003365   Thumb Code    18  stm32f10x_tim.o(i.TIM_OC1PreloadConfig)
    TIM_OC4Init                              0x08003379   Thumb Code   114  stm32f10x_tim.o(i.TIM_OC4Init)
    TIM_OC4PreloadConfig                     0x080033f5   Thumb Code    26  stm32f10x_tim.o(i.TIM_OC4PreloadConfig)
    TIM_SetCompare1                          0x0800340f   Thumb Code     4  stm32f10x_tim.o(i.TIM_SetCompare1)
    TIM_SetCompare4                          0x08003413   Thumb Code     6  stm32f10x_tim.o(i.TIM_SetCompare4)
    TIM_SetCounter                           0x08003419   Thumb Code     4  stm32f10x_tim.o(i.TIM_SetCounter)
    TIM_SetIC1Prescaler                      0x0800341d   Thumb Code    18  stm32f10x_tim.o(i.TIM_SetIC1Prescaler)
    TIM_SetIC2Prescaler                      0x0800342f   Thumb Code    26  stm32f10x_tim.o(i.TIM_SetIC2Prescaler)
    TIM_SetIC3Prescaler                      0x08003449   Thumb Code    18  stm32f10x_tim.o(i.TIM_SetIC3Prescaler)
    TIM_SetIC4Prescaler                      0x0800345b   Thumb Code    26  stm32f10x_tim.o(i.TIM_SetIC4Prescaler)
    TIM_TimeBaseInit                         0x08003475   Thumb Code   122  stm32f10x_tim.o(i.TIM_TimeBaseInit)
    TIM_TimeBaseStructInit                   0x08003519   Thumb Code    18  stm32f10x_tim.o(i.TIM_TimeBaseStructInit)
    Turn                                     0x0800352d   Thumb Code    60  control.o(i.Turn)
    USART1_IRQHandler                        0x08003575   Thumb Code   122  usart.o(i.USART1_IRQHandler)
    USART_Cmd                                0x080035fd   Thumb Code    24  stm32f10x_usart.o(i.USART_Cmd)
    USART_GetITStatus                        0x08003615   Thumb Code    84  stm32f10x_usart.o(i.USART_GetITStatus)
    USART_ITConfig                           0x08003669   Thumb Code    74  stm32f10x_usart.o(i.USART_ITConfig)
    USART_Init                               0x080036b5   Thumb Code   210  stm32f10x_usart.o(i.USART_Init)
    USART_ReceiveData                        0x0800378d   Thumb Code    10  stm32f10x_usart.o(i.USART_ReceiveData)
    UsageFault_Handler                       0x08003797   Thumb Code     4  stm32f10x_it.o(i.UsageFault_Handler)
    Velocity                                 0x0800379d   Thumb Code   234  control.o(i.Velocity)
    Vertical                                 0x080038b1   Thumb Code    76  control.o(i.Vertical)
    __ARM_fpclassify                         0x08003909   Thumb Code    40  fpclassify.o(i.__ARM_fpclassify)
    __kernel_poly                            0x08003931   Thumb Code   170  poly.o(i.__kernel_poly)
    __mathlib_dbl_infnan                     0x080039db   Thumb Code     6  dunder.o(i.__mathlib_dbl_infnan)
    __mathlib_dbl_infnan2                    0x080039e1   Thumb Code     4  dunder.o(i.__mathlib_dbl_infnan2)
    __mathlib_dbl_invalid                    0x080039e5   Thumb Code    12  dunder.o(i.__mathlib_dbl_invalid)
    __mathlib_dbl_underflow                  0x080039f1   Thumb Code    10  dunder.o(i.__mathlib_dbl_underflow)
    _is_digit                                0x08003a01   Thumb Code    14  __printf_wp.o(i._is_digit)
    _sys_exit                                0x08003a0f   Thumb Code     4  usart.o(i._sys_exit)
    asin                                     0x08003ac1   Thumb Code   572  asin.o(i.asin)
    atan                                     0x08003d31   Thumb Code   474  atan.o(i.atan)
    atan2                                    0x08003f51   Thumb Code   346  atan2.o(i.atan2)
    delay_init                               0x08004135   Thumb Code    50  delay.o(i.delay_init)
    delay_ms                                 0x08004179   Thumb Code    72  delay.o(i.delay_ms)
    delay_us                                 0x080041c5   Thumb Code    72  delay.o(i.delay_us)
    dmp_enable_6x_lp_quat                    0x08004211   Thumb Code    60  inv_mpu_dmp_motion_driver.o(i.dmp_enable_6x_lp_quat)
    dmp_enable_feature                       0x0800424d   Thumb Code   530  inv_mpu_dmp_motion_driver.o(i.dmp_enable_feature)
    dmp_enable_gyro_cal                      0x08004469   Thumb Code    62  inv_mpu_dmp_motion_driver.o(i.dmp_enable_gyro_cal)
    dmp_enable_lp_quat                       0x080044c1   Thumb Code    60  inv_mpu_dmp_motion_driver.o(i.dmp_enable_lp_quat)
    dmp_load_motion_driver_firmware          0x080044fd   Thumb Code    20  inv_mpu_dmp_motion_driver.o(i.dmp_load_motion_driver_firmware)
    dmp_read_fifo                            0x08004515   Thumb Code   456  inv_mpu_dmp_motion_driver.o(i.dmp_read_fifo)
    dmp_set_accel_bias                       0x080046e1   Thumb Code   300  inv_mpu_dmp_motion_driver.o(i.dmp_set_accel_bias)
    dmp_set_fifo_rate                        0x08004811   Thumb Code    96  inv_mpu_dmp_motion_driver.o(i.dmp_set_fifo_rate)
    dmp_set_gyro_bias                        0x08004881   Thumb Code   294  inv_mpu_dmp_motion_driver.o(i.dmp_set_gyro_bias)
    dmp_set_orientation                      0x080049b1   Thumb Code   290  inv_mpu_dmp_motion_driver.o(i.dmp_set_orientation)
    dmp_set_shake_reject_thresh              0x08004ae9   Thumb Code    56  inv_mpu_dmp_motion_driver.o(i.dmp_set_shake_reject_thresh)
    dmp_set_shake_reject_time                0x08004b21   Thumb Code    38  inv_mpu_dmp_motion_driver.o(i.dmp_set_shake_reject_time)
    dmp_set_shake_reject_timeout             0x08004b47   Thumb Code    38  inv_mpu_dmp_motion_driver.o(i.dmp_set_shake_reject_timeout)
    dmp_set_tap_axes                         0x08004b6d   Thumb Code    70  inv_mpu_dmp_motion_driver.o(i.dmp_set_tap_axes)
    dmp_set_tap_count                        0x08004bb3   Thumb Code    38  inv_mpu_dmp_motion_driver.o(i.dmp_set_tap_count)
    dmp_set_tap_thresh                       0x08004bd9   Thumb Code   396  inv_mpu_dmp_motion_driver.o(i.dmp_set_tap_thresh)
    dmp_set_tap_time                         0x08004d79   Thumb Code    38  inv_mpu_dmp_motion_driver.o(i.dmp_set_tap_time)
    dmp_set_tap_time_multi                   0x08004d9f   Thumb Code    38  inv_mpu_dmp_motion_driver.o(i.dmp_set_tap_time_multi)
    fputc                                    0x08004dc5   Thumb Code    24  usart.o(i.fputc)
    inv_orientation_matrix_to_scalar         0x08005419   Thumb Code    40  inv_mpu.o(i.inv_orientation_matrix_to_scalar)
    inv_row_2_scale                          0x08005441   Thumb Code    78  inv_mpu.o(i.inv_row_2_scale)
    main                                     0x08005491   Thumb Code   430  main.o(i.main)
    mget_ms                                  0x08005689   Thumb Code     2  inv_mpu.o(i.mget_ms)
    mpu_configure_fifo                       0x0800568d   Thumb Code   106  inv_mpu.o(i.mpu_configure_fifo)
    mpu_dmp_get_data                         0x080056fd   Thumb Code   544  inv_mpu.o(i.mpu_dmp_get_data)
    mpu_dmp_init                             0x08005921   Thumb Code   154  inv_mpu.o(i.mpu_dmp_init)
    mpu_get_accel_fsr                        0x080059c1   Thumb Code    72  inv_mpu.o(i.mpu_get_accel_fsr)
    mpu_get_accel_sens                       0x08005a0d   Thumb Code    78  inv_mpu.o(i.mpu_get_accel_sens)
    mpu_get_fifo_config                      0x08005a61   Thumb Code    12  inv_mpu.o(i.mpu_get_fifo_config)
    mpu_get_gyro_fsr                         0x08005a71   Thumb Code    64  inv_mpu.o(i.mpu_get_gyro_fsr)
    mpu_get_gyro_sens                        0x08005ab5   Thumb Code    58  inv_mpu.o(i.mpu_get_gyro_sens)
    mpu_get_lpf                              0x08005b05   Thumb Code    74  inv_mpu.o(i.mpu_get_lpf)
    mpu_get_sample_rate                      0x08005b55   Thumb Code    26  inv_mpu.o(i.mpu_get_sample_rate)
    mpu_init                                 0x08005b75   Thumb Code   416  inv_mpu.o(i.mpu_init)
    mpu_load_firmware                        0x08005d65   Thumb Code   180  inv_mpu.o(i.mpu_load_firmware)
    mpu_lp_accel_mode                        0x08005e1d   Thumb Code   218  inv_mpu.o(i.mpu_lp_accel_mode)
    mpu_read_fifo_stream                     0x08005efd   Thumb Code   186  inv_mpu.o(i.mpu_read_fifo_stream)
    mpu_read_mem                             0x08005fbd   Thumb Code   122  inv_mpu.o(i.mpu_read_mem)
    mpu_reset_fifo                           0x0800603d   Thumb Code   450  inv_mpu.o(i.mpu_reset_fifo)
    mpu_run_self_test                        0x08006205   Thumb Code   278  inv_mpu.o(i.mpu_run_self_test)
    mpu_set_accel_fsr                        0x08006321   Thumb Code   126  inv_mpu.o(i.mpu_set_accel_fsr)
    mpu_set_bypass                           0x080063a5   Thumb Code   328  inv_mpu.o(i.mpu_set_bypass)
    mpu_set_dmp_state                        0x080064f1   Thumb Code   138  inv_mpu.o(i.mpu_set_dmp_state)
    mpu_set_gyro_fsr                         0x08006581   Thumb Code   132  inv_mpu.o(i.mpu_set_gyro_fsr)
    mpu_set_int_latched                      0x08006609   Thumb Code   102  inv_mpu.o(i.mpu_set_int_latched)
    mpu_set_lpf                              0x08006675   Thumb Code   126  inv_mpu.o(i.mpu_set_lpf)
    mpu_set_sample_rate                      0x080066f9   Thumb Code   152  inv_mpu.o(i.mpu_set_sample_rate)
    mpu_set_sensors                          0x08006795   Thumb Code   202  inv_mpu.o(i.mpu_set_sensors)
    mpu_write_mem                            0x08006865   Thumb Code   122  inv_mpu.o(i.mpu_write_mem)
    run_self_test                            0x080068e5   Thumb Code   152  inv_mpu.o(i.run_self_test)
    sqrt                                     0x08006a0d   Thumb Code    76  sqrt.o(i.sqrt)
    uart_init                                0x08006a59   Thumb Code   152  usart.o(i.uart_init)
    _get_lc_numeric                          0x08006af9   Thumb Code    44  lc_numeric_c.o(locale$$code)
    __aeabi_d2f                              0x08006b25   Thumb Code     0  d2f.o(x$fpl$d2f)
    _d2f                                     0x08006b25   Thumb Code    98  d2f.o(x$fpl$d2f)
    __aeabi_dadd                             0x08006b89   Thumb Code     0  daddsub_clz.o(x$fpl$dadd)
    _dadd                                    0x08006b89   Thumb Code   332  daddsub_clz.o(x$fpl$dadd)
    __fpl_dcheck_NaN1                        0x08006cd9   Thumb Code    10  dcheck1.o(x$fpl$dcheck1)
    __aeabi_ddiv                             0x08006ce9   Thumb Code     0  ddiv.o(x$fpl$ddiv)
    _ddiv                                    0x08006ce9   Thumb Code   552  ddiv.o(x$fpl$ddiv)
    __aeabi_d2iz                             0x08006f99   Thumb Code     0  dfix.o(x$fpl$dfix)
    _dfix                                    0x08006f99   Thumb Code    94  dfix.o(x$fpl$dfix)
    __aeabi_i2d                              0x08006ff7   Thumb Code     0  dflt_clz.o(x$fpl$dflt)
    _dflt                                    0x08006ff7   Thumb Code    46  dflt_clz.o(x$fpl$dflt)
    __aeabi_dmul                             0x08007025   Thumb Code     0  dmul.o(x$fpl$dmul)
    _dmul                                    0x08007025   Thumb Code   332  dmul.o(x$fpl$dmul)
    __fpl_dnaninf                            0x08007179   Thumb Code   156  dnaninf.o(x$fpl$dnaninf)
    __fpl_dretinf                            0x08007215   Thumb Code    12  dretinf.o(x$fpl$dretinf)
    __aeabi_drsub                            0x08007221   Thumb Code     0  daddsub_clz.o(x$fpl$drsb)
    _drsb                                    0x08007221   Thumb Code    22  daddsub_clz.o(x$fpl$drsb)
    _dsqrt                                   0x08007239   Thumb Code   456  dsqrt_noumaal.o(x$fpl$dsqrt)
    __aeabi_dsub                             0x08007405   Thumb Code     0  daddsub_clz.o(x$fpl$dsub)
    _dsub                                    0x08007405   Thumb Code   464  daddsub_clz.o(x$fpl$dsub)
    __aeabi_f2d                              0x080075d9   Thumb Code     0  f2d.o(x$fpl$f2d)
    _f2d                                     0x080075d9   Thumb Code    86  f2d.o(x$fpl$f2d)
    __aeabi_fadd                             0x08007631   Thumb Code     0  faddsub_clz.o(x$fpl$fadd)
    _fadd                                    0x08007631   Thumb Code   196  faddsub_clz.o(x$fpl$fadd)
    __fpl_fcmp_Inf                           0x080076f5   Thumb Code    24  fcmpi.o(x$fpl$fcmpinf)
    __aeabi_fdiv                             0x0800770d   Thumb Code     0  fdiv.o(x$fpl$fdiv)
    _fdiv                                    0x0800770d   Thumb Code   384  fdiv.o(x$fpl$fdiv)
    __aeabi_cfcmpeq                          0x08007891   Thumb Code     0  feqf.o(x$fpl$feqf)
    _fcmpeq                                  0x08007891   Thumb Code   104  feqf.o(x$fpl$feqf)
    __aeabi_f2iz                             0x080078f9   Thumb Code     0  ffix.o(x$fpl$ffix)
    _ffix                                    0x080078f9   Thumb Code    54  ffix.o(x$fpl$ffix)
    __aeabi_f2uiz                            0x08007931   Thumb Code     0  ffixu.o(x$fpl$ffixu)
    _ffixu                                   0x08007931   Thumb Code    62  ffixu.o(x$fpl$ffixu)
    __aeabi_i2f                              0x08007971   Thumb Code     0  fflt_clz.o(x$fpl$fflt)
    _fflt                                    0x08007971   Thumb Code    48  fflt_clz.o(x$fpl$fflt)
    __aeabi_ui2f                             0x080079a1   Thumb Code     0  fflt_clz.o(x$fpl$ffltu)
    _ffltu                                   0x080079a1   Thumb Code    38  fflt_clz.o(x$fpl$ffltu)
    __aeabi_cfcmple                          0x080079c9   Thumb Code     0  fleqf.o(x$fpl$fleqf)
    _fcmple                                  0x080079c9   Thumb Code   104  fleqf.o(x$fpl$fleqf)
    __fpl_fcmple_InfNaN                      0x08007a1b   Thumb Code     0  fleqf.o(x$fpl$fleqf)
    __aeabi_fmul                             0x08007a31   Thumb Code     0  fmul.o(x$fpl$fmul)
    _fmul                                    0x08007a31   Thumb Code   258  fmul.o(x$fpl$fmul)
    __fpl_fnaninf                            0x08007b33   Thumb Code   140  fnaninf.o(x$fpl$fnaninf)
    __fpl_fretinf                            0x08007bbf   Thumb Code    10  fretinf.o(x$fpl$fretinf)
    __aeabi_cfrcmple                         0x08007bc9   Thumb Code     0  frleqf.o(x$fpl$frleqf)
    _frcmple                                 0x08007bc9   Thumb Code    98  frleqf.o(x$fpl$frleqf)
    __aeabi_fsub                             0x08007c2d   Thumb Code     0  faddsub_clz.o(x$fpl$fsub)
    _fsub                                    0x08007c2d   Thumb Code   234  faddsub_clz.o(x$fpl$fsub)
    _printf_fp_dec                           0x08007d17   Thumb Code     4  printf1.o(x$fpl$printf1)
    __fpl_return_NaN                         0x08007d1b   Thumb Code   100  retnan.o(x$fpl$retnan)
    __ARM_scalbn                             0x08007d7f   Thumb Code    92  scalbn.o(x$fpl$scalbn)
    __fpl_cmpreturn                          0x08007ddb   Thumb Code    48  trapv.o(x$fpl$trapveneer)
    __I$use$fp                               0x08007e0a   Number         0  usenofp.o(x$fpl$usenofp)
    asc2_0806                                0x08007e0a   Data         552  oled.o(.constdata)
    asc2_1206                                0x08008032   Data        1140  oled.o(.constdata)
    asc2_1608                                0x080084a6   Data        1520  oled.o(.constdata)
    asc2_2412                                0x08008a96   Data        3420  oled.o(.constdata)
    Hzk1                                     0x080097f2   Data         352  oled.o(.constdata)
    Hzk2                                     0x08009952   Data          72  oled.o(.constdata)
    Hzk3                                     0x0800999a   Data         128  oled.o(.constdata)
    Hzk4                                     0x08009a1a   Data         512  oled.o(.constdata)
    reg                                      0x08009c1c   Data          27  inv_mpu.o(.constdata)
    hw                                       0x08009c38   Data          12  inv_mpu.o(.constdata)
    test                                     0x08009c44   Data          40  inv_mpu.o(.constdata)
    TX_ADDRESS                               0x0800a862   Data           5  24l01.o(.constdata)
    RX_ADDRESS                               0x0800a867   Data           5  24l01.o(.constdata)
    __mathlib_zero                           0x0800a968   Data           8  qnan.o(.constdata)
    Region$$Table$$Base                      0x0800aa54   Number         0  anon$$obj.o(Region$$Table)
    Region$$Table$$Limit                     0x0800aa74   Number         0  anon$$obj.o(Region$$Table)
    SystemCoreClock                          0x20000000   Data           4  system_stm32f10x.o(.data)
    AHBPrescTable                            0x20000004   Data          16  system_stm32f10x.o(.data)
    BMP1                                     0x20000014   Data        1024  main.o(.data)
    BMP2                                     0x20000414   Data        1024  main.o(.data)
    PWM_MAX                                  0x20000814   Data           4  main.o(.data)
    PWM_MIN                                  0x20000818   Data           4  main.o(.data)
    MOTO1                                    0x2000081c   Data           4  main.o(.data)
    MOTO2                                    0x20000820   Data           4  main.o(.data)
    check                                    0x20000824   Data           4  main.o(.data)
    i                                        0x20000828   Data           4  main.o(.data)
    Get_24L01_Data                           0x2000082c   Data           8  main.o(.data)
    Med_Angle                                0x20000834   Data           4  control.o(.data)
    Pitch                                    0x20000838   Data           4  control.o(.data)
    Roll                                     0x2000083c   Data           4  control.o(.data)
    Yaw                                      0x20000840   Data           4  control.o(.data)
    PWM_out                                  0x20000844   Data           4  control.o(.data)
    Encoder_left                             0x20000848   Data           4  control.o(.data)
    Encoder_right                            0x2000084c   Data           4  control.o(.data)
    Vertical_out                             0x20000850   Data           4  control.o(.data)
    Velocity_out                             0x20000854   Data           4  control.o(.data)
    Turn_out                                 0x20000858   Data           4  control.o(.data)
    Vertical_Kp                              0x2000085c   Data           4  control.o(.data)
    Vertical_Kd                              0x20000860   Data           4  control.o(.data)
    Velocity_Kp                              0x20000864   Data           4  control.o(.data)
    Velocity_Ki                              0x20000868   Data           4  control.o(.data)
    a                                        0x2000086c   Data           4  control.o(.data)
    accx                                     0x20000870   Data           4  control.o(.data)
    accy                                     0x20000874   Data           4  control.o(.data)
    accz                                     0x20000878   Data           4  control.o(.data)
    Angle_y_temp_last                        0x2000087c   Data           4  control.o(.data)
    aacx                                     0x200008cc   Data           2  kalman.o(.data)
    aacy                                     0x200008ce   Data           2  kalman.o(.data)
    aacz                                     0x200008d0   Data           2  kalman.o(.data)
    gyrox                                    0x200008d2   Data           2  kalman.o(.data)
    gyroy                                    0x200008d4   Data           2  kalman.o(.data)
    gyroz                                    0x200008d6   Data           2  kalman.o(.data)
    temperature                              0x200008d8   Data           2  kalman.o(.data)
    Accel_x                                  0x200008dc   Data           4  kalman.o(.data)
    Accel_y                                  0x200008e0   Data           4  kalman.o(.data)
    Accel_z                                  0x200008e4   Data           4  kalman.o(.data)
    Gyro_x                                   0x200008e8   Data           4  kalman.o(.data)
    Gyro_y                                   0x200008ec   Data           4  kalman.o(.data)
    Gyro_z                                   0x200008f0   Data           4  kalman.o(.data)
    Angle_x_temp                             0x200008f4   Data           4  kalman.o(.data)
    Angle_y_temp                             0x200008f8   Data           4  kalman.o(.data)
    Angle_X_Final                            0x200008fc   Data           4  kalman.o(.data)
    Angle_Y_Final                            0x20000900   Data           4  kalman.o(.data)
    Q_angle                                  0x20000904   Data           4  kalman.o(.data)
    Q_gyro                                   0x20000908   Data           4  kalman.o(.data)
    R_angle                                  0x2000090c   Data           4  kalman.o(.data)
    dt                                       0x20000910   Data           4  kalman.o(.data)
    C_0                                      0x20000914   Data           1  kalman.o(.data)
    Q_bias                                   0x20000918   Data           4  kalman.o(.data)
    Angle_err                                0x2000091c   Data           4  kalman.o(.data)
    PCt_0                                    0x20000920   Data           4  kalman.o(.data)
    PCt_1                                    0x20000924   Data           4  kalman.o(.data)
    E                                        0x20000928   Data           4  kalman.o(.data)
    K_0                                      0x2000092c   Data           4  kalman.o(.data)
    K_1                                      0x20000930   Data           4  kalman.o(.data)
    t_0                                      0x20000934   Data           4  kalman.o(.data)
    t_1                                      0x20000938   Data           4  kalman.o(.data)
    PP                                       0x2000093c   Data          16  kalman.o(.data)
    __stdout                                 0x20000964   Data           4  usart.o(.data)
    USART_RX_STA                             0x20000968   Data           2  usart.o(.data)
    string                                   0x2000096c   Data          20  main.o(.bss)
    nrf24l01                                 0x20000980   Data          64  main.o(.bss)
    OLED_GRAM                                0x200009c0   Data        1152  oled.o(.bss)
    USART_RX_BUF                             0x20000e50   Data         200  usart.o(.bss)
    __libspace_start                         0x20000f18   Data          96  libspace.o(.bss)
    __temporary_stack_top$libspace           0x20000f78   Data           0  libspace.o(.bss)



==============================================================================

Memory Map of the image

  Image Entry point : 0x080000ed

  Load Region LR_IROM1 (Base: 0x08000000, Size: 0x0000b3fc, Max: 0x00010000, ABSOLUTE, COMPRESSED[0x0000ace0])

    Execution Region ER_IROM1 (Exec base: 0x08000000, Load base: 0x08000000, Size: 0x0000aa90, Max: 0x00010000, ABSOLUTE)

    Exec Addr    Load Addr    Size         Type   Attr      Idx    E Section Name        Object

    0x08000000   0x08000000   0x000000ec   Data   RO          312    RESET               startup_stm32f10x_md.o
    0x080000ec   0x080000ec   0x00000008   Code   RO         4578  * !!!main             c_w.l(__main.o)
    0x080000f4   0x080000f4   0x00000034   Code   RO         4956    !!!scatter          c_w.l(__scatter.o)
    0x08000128   0x08000128   0x00000064   Code   RO         4954    !!dclz77c           c_w.l(__dclz77c.o)
    0x0800018c   0x0800018c   0x0000001c   Code   RO         4958    !!handler_zi        c_w.l(__scatter_zi.o)
    0x080001a8   0x080001a8   0x00000000   Code   RO         4571    .ARM.Collect$$_printf_percent$$00000000  c_w.l(_printf_percent.o)
    0x080001a8   0x080001a8   0x00000006   Code   RO         4570    .ARM.Collect$$_printf_percent$$00000003  c_w.l(_printf_f.o)
    0x080001ae   0x080001ae   0x00000006   Code   RO         4569    .ARM.Collect$$_printf_percent$$00000009  c_w.l(_printf_d.o)
    0x080001b4   0x080001b4   0x00000004   Code   RO         4685    .ARM.Collect$$_printf_percent$$00000017  c_w.l(_printf_percent_end.o)
    0x080001b8   0x080001b8   0x00000002   Code   RO         4821    .ARM.Collect$$libinit$$00000000  c_w.l(libinit.o)
    0x080001ba   0x080001ba   0x00000000   Code   RO         4823    .ARM.Collect$$libinit$$00000002  c_w.l(libinit2.o)
    0x080001ba   0x080001ba   0x00000000   Code   RO         4825    .ARM.Collect$$libinit$$00000004  c_w.l(libinit2.o)
    0x080001ba   0x080001ba   0x00000000   Code   RO         4828    .ARM.Collect$$libinit$$0000000A  c_w.l(libinit2.o)
    0x080001ba   0x080001ba   0x00000000   Code   RO         4830    .ARM.Collect$$libinit$$0000000C  c_w.l(libinit2.o)
    0x080001ba   0x080001ba   0x00000000   Code   RO         4832    .ARM.Collect$$libinit$$0000000E  c_w.l(libinit2.o)
    0x080001ba   0x080001ba   0x00000006   Code   RO         4833    .ARM.Collect$$libinit$$0000000F  c_w.l(libinit2.o)
    0x080001c0   0x080001c0   0x00000000   Code   RO         4835    .ARM.Collect$$libinit$$00000011  c_w.l(libinit2.o)
    0x080001c0   0x080001c0   0x00000000   Code   RO         4837    .ARM.Collect$$libinit$$00000013  c_w.l(libinit2.o)
    0x080001c0   0x080001c0   0x00000000   Code   RO         4839    .ARM.Collect$$libinit$$00000015  c_w.l(libinit2.o)
    0x080001c0   0x080001c0   0x0000000a   Code   RO         4840    .ARM.Collect$$libinit$$00000016  c_w.l(libinit2.o)
    0x080001ca   0x080001ca   0x00000000   Code   RO         4841    .ARM.Collect$$libinit$$00000017  c_w.l(libinit2.o)
    0x080001ca   0x080001ca   0x00000000   Code   RO         4843    .ARM.Collect$$libinit$$00000019  c_w.l(libinit2.o)
    0x080001ca   0x080001ca   0x00000000   Code   RO         4845    .ARM.Collect$$libinit$$0000001B  c_w.l(libinit2.o)
    0x080001ca   0x080001ca   0x00000000   Code   RO         4847    .ARM.Collect$$libinit$$0000001D  c_w.l(libinit2.o)
    0x080001ca   0x080001ca   0x00000000   Code   RO         4849    .ARM.Collect$$libinit$$0000001F  c_w.l(libinit2.o)
    0x080001ca   0x080001ca   0x00000000   Code   RO         4851    .ARM.Collect$$libinit$$00000021  c_w.l(libinit2.o)
    0x080001ca   0x080001ca   0x00000000   Code   RO         4853    .ARM.Collect$$libinit$$00000023  c_w.l(libinit2.o)
    0x080001ca   0x080001ca   0x00000000   Code   RO         4855    .ARM.Collect$$libinit$$00000025  c_w.l(libinit2.o)
    0x080001ca   0x080001ca   0x00000000   Code   RO         4859    .ARM.Collect$$libinit$$0000002C  c_w.l(libinit2.o)
    0x080001ca   0x080001ca   0x00000000   Code   RO         4861    .ARM.Collect$$libinit$$0000002E  c_w.l(libinit2.o)
    0x080001ca   0x080001ca   0x00000000   Code   RO         4863    .ARM.Collect$$libinit$$00000030  c_w.l(libinit2.o)
    0x080001ca   0x080001ca   0x00000000   Code   RO         4865    .ARM.Collect$$libinit$$00000032  c_w.l(libinit2.o)
    0x080001ca   0x080001ca   0x00000002   Code   RO         4866    .ARM.Collect$$libinit$$00000033  c_w.l(libinit2.o)
    0x080001cc   0x080001cc   0x00000002   Code   RO         4914    .ARM.Collect$$libshutdown$$00000000  c_w.l(libshutdown.o)
    0x080001ce   0x080001ce   0x00000000   Code   RO         4923    .ARM.Collect$$libshutdown$$00000002  c_w.l(libshutdown2.o)
    0x080001ce   0x080001ce   0x00000000   Code   RO         4925    .ARM.Collect$$libshutdown$$00000004  c_w.l(libshutdown2.o)
    0x080001ce   0x080001ce   0x00000000   Code   RO         4928    .ARM.Collect$$libshutdown$$00000007  c_w.l(libshutdown2.o)
    0x080001ce   0x080001ce   0x00000000   Code   RO         4931    .ARM.Collect$$libshutdown$$0000000A  c_w.l(libshutdown2.o)
    0x080001ce   0x080001ce   0x00000000   Code   RO         4933    .ARM.Collect$$libshutdown$$0000000C  c_w.l(libshutdown2.o)
    0x080001ce   0x080001ce   0x00000000   Code   RO         4936    .ARM.Collect$$libshutdown$$0000000F  c_w.l(libshutdown2.o)
    0x080001ce   0x080001ce   0x00000002   Code   RO         4937    .ARM.Collect$$libshutdown$$00000010  c_w.l(libshutdown2.o)
    0x080001d0   0x080001d0   0x00000000   Code   RO         4670    .ARM.Collect$$rtentry$$00000000  c_w.l(__rtentry.o)
    0x080001d0   0x080001d0   0x00000000   Code   RO         4729    .ARM.Collect$$rtentry$$00000002  c_w.l(__rtentry2.o)
    0x080001d0   0x080001d0   0x00000006   Code   RO         4741    .ARM.Collect$$rtentry$$00000004  c_w.l(__rtentry4.o)
    0x080001d6   0x080001d6   0x00000000   Code   RO         4731    .ARM.Collect$$rtentry$$00000009  c_w.l(__rtentry2.o)
    0x080001d6   0x080001d6   0x00000004   Code   RO         4732    .ARM.Collect$$rtentry$$0000000A  c_w.l(__rtentry2.o)
    0x080001da   0x080001da   0x00000000   Code   RO         4734    .ARM.Collect$$rtentry$$0000000C  c_w.l(__rtentry2.o)
    0x080001da   0x080001da   0x00000008   Code   RO         4735    .ARM.Collect$$rtentry$$0000000D  c_w.l(__rtentry2.o)
    0x080001e2   0x080001e2   0x00000002   Code   RO         4871    .ARM.Collect$$rtexit$$00000000  c_w.l(rtexit.o)
    0x080001e4   0x080001e4   0x00000000   Code   RO         4884    .ARM.Collect$$rtexit$$00000002  c_w.l(rtexit2.o)
    0x080001e4   0x080001e4   0x00000004   Code   RO         4885    .ARM.Collect$$rtexit$$00000003  c_w.l(rtexit2.o)
    0x080001e8   0x080001e8   0x00000006   Code   RO         4886    .ARM.Collect$$rtexit$$00000004  c_w.l(rtexit2.o)
    0x080001ee   0x080001ee   0x00000002   PAD
    0x080001f0   0x080001f0   0x00000040   Code   RO          313    .text               startup_stm32f10x_md.o
    0x08000230   0x08000230   0x00000002   Code   RO         4509    .text               c_w.l(use_no_semi_2.o)
    0x08000232   0x08000232   0x00000048   Code   RO         4511    .text               c_w.l(llsdiv.o)
    0x0800027a   0x0800027a   0x00000002   PAD
    0x0800027c   0x0800027c   0x00000018   Code   RO         4517    .text               c_w.l(noretval__2printf.o)
    0x08000294   0x08000294   0x00000028   Code   RO         4519    .text               c_w.l(noretval__2sprintf.o)
    0x080002bc   0x080002bc   0x00000078   Code   RO         4525    .text               c_w.l(_printf_dec.o)
    0x08000334   0x08000334   0x00000138   Code   RO         4560    .text               c_w.l(__printf_flags_wp.o)
    0x0800046c   0x0800046c   0x00000058   Code   RO         4572    .text               c_w.l(memcmp.o)
    0x080004c4   0x080004c4   0x00000010   Code   RO         4574    .text               c_w.l(aeabi_memset.o)
    0x080004d4   0x080004d4   0x00000006   Code   RO         4576    .text               c_w.l(heapauxi.o)
    0x080004da   0x080004da   0x00000002   Code   RO         4668    .text               c_w.l(use_no_semi.o)
    0x080004dc   0x080004dc   0x000000ee   Code   RO         4671    .text               c_w.l(lludivv7m.o)
    0x080005ca   0x080005ca   0x00000016   Code   RO         4673    .text               c_w.l(_rserrno.o)
    0x080005e0   0x080005e0   0x000000b2   Code   RO         4675    .text               c_w.l(_printf_intcommon.o)
    0x08000692   0x08000692   0x0000041a   Code   RO         4677    .text               c_w.l(_printf_fp_dec.o)
    0x08000aac   0x08000aac   0x00000030   Code   RO         4679    .text               c_w.l(_printf_char_common.o)
    0x08000adc   0x08000adc   0x0000000a   Code   RO         4681    .text               c_w.l(_sputc.o)
    0x08000ae6   0x08000ae6   0x00000002   PAD
    0x08000ae8   0x08000ae8   0x00000024   Code   RO         4683    .text               c_w.l(_printf_char_file.o)
    0x08000b0c   0x08000b0c   0x00000044   Code   RO         4686    .text               c_w.l(rt_memclr.o)
    0x08000b50   0x08000b50   0x00000008   Code   RO         4750    .text               c_w.l(rt_locale_intlibspace.o)
    0x08000b58   0x08000b58   0x00000008   Code   RO         4755    .text               c_w.l(rt_errno_addr_intlibspace.o)
    0x08000b60   0x08000b60   0x0000008a   Code   RO         4757    .text               c_w.l(lludiv10.o)
    0x08000bea   0x08000bea   0x00000002   PAD
    0x08000bec   0x08000bec   0x00000080   Code   RO         4759    .text               c_w.l(_printf_fp_infnan.o)
    0x08000c6c   0x08000c6c   0x000000dc   Code   RO         4763    .text               c_w.l(bigflt0.o)
    0x08000d48   0x08000d48   0x00000008   Code   RO         4788    .text               c_w.l(ferror.o)
    0x08000d50   0x08000d50   0x0000004e   Code   RO         4795    .text               c_w.l(rt_memclr_w.o)
    0x08000d9e   0x08000d9e   0x00000002   PAD
    0x08000da0   0x08000da0   0x00000008   Code   RO         4805    .text               c_w.l(libspace.o)
    0x08000da8   0x08000da8   0x0000004a   Code   RO         4808    .text               c_w.l(sys_stackheap_outer.o)
    0x08000df2   0x08000df2   0x00000012   Code   RO         4812    .text               c_w.l(exit.o)
    0x08000e04   0x08000e04   0x00000080   Code   RO         4814    .text               c_w.l(strcmpv7m.o)
    0x08000e84   0x08000e84   0x0000003e   Code   RO         4766    CL$$btod_d2e        c_w.l(btod.o)
    0x08000ec2   0x08000ec2   0x00000046   Code   RO         4768    CL$$btod_d2e_denorm_low  c_w.l(btod.o)
    0x08000f08   0x08000f08   0x00000060   Code   RO         4767    CL$$btod_d2e_norm_op1  c_w.l(btod.o)
    0x08000f68   0x08000f68   0x00000338   Code   RO         4776    CL$$btod_div_common  c_w.l(btod.o)
    0x080012a0   0x080012a0   0x000000c6   Code   RO         4773    CL$$btod_e2e        c_w.l(btod.o)
    0x08001366   0x08001366   0x00000028   Code   RO         4770    CL$$btod_ediv       c_w.l(btod.o)
    0x0800138e   0x0800138e   0x00000028   Code   RO         4769    CL$$btod_emul       c_w.l(btod.o)
    0x080013b6   0x080013b6   0x00000244   Code   RO         4775    CL$$btod_mult_common  c_w.l(btod.o)
    0x080015fa   0x080015fa   0x00000004   Code   RO            1    i.BusFault_Handler  stm32f10x_it.o
    0x080015fe   0x080015fe   0x00000002   Code   RO            2    i.DebugMon_Handler  stm32f10x_it.o
    0x08001600   0x08001600   0x00000158   Code   RO          562    i.EXTI2_IRQHandler  control.o
    0x08001758   0x08001758   0x0000000c   Code   RO         2259    i.EXTI_ClearITPendingBit  stm32f10x_exti.o
    0x08001764   0x08001764   0x00000028   Code   RO         2263    i.EXTI_GetITStatus  stm32f10x_exti.o
    0x0800178c   0x0800178c   0x00000094   Code   RO         2264    i.EXTI_Init         stm32f10x_exti.o
    0x08001820   0x08001820   0x000000a0   Code   RO          472    i.Encoder_TIM2_Init  encoder.o
    0x080018c0   0x080018c0   0x0000009c   Code   RO          473    i.Encoder_TIM4_Init  encoder.o
    0x0800195c   0x0800195c   0x00000010   Code   RO          532    i.GFP_abs           motor.o
    0x0800196c   0x0800196c   0x00000040   Code   RO         2609    i.GPIO_EXTILineConfig  stm32f10x_gpio.o
    0x080019ac   0x080019ac   0x00000116   Code   RO         2612    i.GPIO_Init         stm32f10x_gpio.o
    0x08001ac2   0x08001ac2   0x00000002   PAD
    0x08001ac4   0x08001ac4   0x00000090   Code   RO         2614    i.GPIO_PinRemapConfig  stm32f10x_gpio.o
    0x08001b54   0x08001b54   0x00000004   Code   RO         2619    i.GPIO_ResetBits    stm32f10x_gpio.o
    0x08001b58   0x08001b58   0x00000004   Code   RO         2620    i.GPIO_SetBits      stm32f10x_gpio.o
    0x08001b5c   0x08001b5c   0x00000004   Code   RO            3    i.HardFault_Handler  stm32f10x_it.o
    0x08001b60   0x08001b60   0x00000034   Code   RO          317    i.I2C_Start         oled.o
    0x08001b94   0x08001b94   0x00000024   Code   RO          318    i.I2C_Stop          oled.o
    0x08001bb8   0x08001bb8   0x0000002c   Code   RO          319    i.I2C_WaitAck       oled.o
    0x08001be4   0x08001be4   0x00000010   Code   RO          320    i.IIC_delay         oled.o
    0x08001bf4   0x08001bf4   0x0000005c   Code   RO         1291    i.LED_Init          led.o
    0x08001c50   0x08001c50   0x0000004c   Code   RO          533    i.Limit             motor.o
    0x08001c9c   0x08001c9c   0x0000007c   Code   RO          534    i.Load              motor.o
    0x08001d18   0x08001d18   0x00000050   Code   RO          520    i.MPU6050_EXTI_Init  exti.o
    0x08001d68   0x08001d68   0x00000050   Code   RO         1131    i.MPU_Get_Gyroscope  mpu6050.o
    0x08001db8   0x08001db8   0x0000004c   Code   RO         1212    i.MPU_IIC_Ack       mpuiic.o
    0x08001e04   0x08001e04   0x0000000a   Code   RO         1213    i.MPU_IIC_Delay     mpuiic.o
    0x08001e0e   0x08001e0e   0x00000002   PAD
    0x08001e10   0x08001e10   0x00000038   Code   RO         1214    i.MPU_IIC_Init      mpuiic.o
    0x08001e48   0x08001e48   0x0000004c   Code   RO         1215    i.MPU_IIC_NAck      mpuiic.o
    0x08001e94   0x08001e94   0x0000006c   Code   RO         1216    i.MPU_IIC_Read_Byte  mpuiic.o
    0x08001f00   0x08001f00   0x0000005c   Code   RO         1217    i.MPU_IIC_Send_Byte  mpuiic.o
    0x08001f5c   0x08001f5c   0x00000048   Code   RO         1218    i.MPU_IIC_Start     mpuiic.o
    0x08001fa4   0x08001fa4   0x00000048   Code   RO         1219    i.MPU_IIC_Stop      mpuiic.o
    0x08001fec   0x08001fec   0x00000064   Code   RO         1220    i.MPU_IIC_Wait_Ack  mpuiic.o
    0x08002050   0x08002050   0x000000c0   Code   RO         1133    i.MPU_Init          mpu6050.o
    0x08002110   0x08002110   0x0000003a   Code   RO         1134    i.MPU_Read_Byte     mpu6050.o
    0x0800214a   0x0800214a   0x00000074   Code   RO         1135    i.MPU_Read_Len      mpu6050.o
    0x080021be   0x080021be   0x00000010   Code   RO         1136    i.MPU_Set_Accel_Fsr  mpu6050.o
    0x080021ce   0x080021ce   0x00000010   Code   RO         1137    i.MPU_Set_Gyro_Fsr  mpu6050.o
    0x080021de   0x080021de   0x0000003a   Code   RO         1138    i.MPU_Set_LPF       mpu6050.o
    0x08002218   0x08002218   0x0000003a   Code   RO         1139    i.MPU_Set_Rate      mpu6050.o
    0x08002252   0x08002252   0x00000044   Code   RO         1140    i.MPU_Write_Byte    mpu6050.o
    0x08002296   0x08002296   0x00000060   Code   RO         1141    i.MPU_Write_Len     mpu6050.o
    0x080022f6   0x080022f6   0x00000004   Code   RO            4    i.MemManage_Handler  stm32f10x_it.o
    0x080022fa   0x080022fa   0x00000002   PAD
    0x080022fc   0x080022fc   0x0000002c   Code   RO          535    i.Motor_Init        motor.o
    0x08002328   0x08002328   0x00000002   Code   RO            5    i.NMI_Handler       stm32f10x_it.o
    0x0800232a   0x0800232a   0x00000002   PAD
    0x0800232c   0x0800232c   0x000000c4   Code   RO         1380    i.NRF24L01_Init     24l01.o
    0x080023f0   0x080023f0   0x00000074   Code   RO         1381    i.NRF24L01_RX_Mode  24l01.o
    0x08002464   0x08002464   0x0000003c   Code   RO         1382    i.NRF24L01_Read_Buf  24l01.o
    0x080024a0   0x080024a0   0x0000002c   Code   RO         1383    i.NRF24L01_Read_Reg  24l01.o
    0x080024cc   0x080024cc   0x0000004c   Code   RO         1384    i.NRF24L01_RxPacket  24l01.o
    0x08002518   0x08002518   0x00000060   Code   RO         1385    i.NRF24L01_SPI_RW   24l01.o
    0x08002578   0x08002578   0x0000003c   Code   RO         1388    i.NRF24L01_Write_Buf  24l01.o
    0x080025b4   0x080025b4   0x00000030   Code   RO         1389    i.NRF24L01_Write_Reg  24l01.o
    0x080025e4   0x080025e4   0x00000042   Code   RO         4454    i.NVIC_Configuration  sys.o
    0x08002626   0x08002626   0x00000002   PAD
    0x08002628   0x08002628   0x00000070   Code   RO         1461    i.NVIC_Init         misc.o
    0x08002698   0x08002698   0x00000014   Code   RO         1462    i.NVIC_PriorityGroupConfig  misc.o
    0x080026ac   0x080026ac   0x00000030   Code   RO          321    i.OLED_Clear        oled.o
    0x080026dc   0x080026dc   0x0000001c   Code   RO          322    i.OLED_ColorTurn    oled.o
    0x080026f8   0x080026f8   0x0000002c   Code   RO          325    i.OLED_DisplayTurn  oled.o
    0x08002724   0x08002724   0x00000078   Code   RO          328    i.OLED_DrawPoint    oled.o
    0x0800279c   0x0800279c   0x00000134   Code   RO          329    i.OLED_Init         oled.o
    0x080028d0   0x080028d0   0x00000068   Code   RO          331    i.OLED_Refresh      oled.o
    0x08002938   0x08002938   0x0000013c   Code   RO          333    i.OLED_ShowChar     oled.o
    0x08002a74   0x08002a74   0x0000004a   Code   RO          337    i.OLED_ShowString   oled.o
    0x08002abe   0x08002abe   0x00000038   Code   RO          338    i.OLED_WR_Byte      oled.o
    0x08002af6   0x08002af6   0x00000002   PAD
    0x08002af8   0x08002af8   0x000000ac   Code   RO          508    i.PWM_Init_TIM1     pwm.o
    0x08002ba4   0x08002ba4   0x00000002   Code   RO            6    i.PendSV_Handler    stm32f10x_it.o
    0x08002ba6   0x08002ba6   0x00000002   PAD
    0x08002ba8   0x08002ba8   0x00000020   Code   RO         3028    i.RCC_APB1PeriphClockCmd  stm32f10x_rcc.o
    0x08002bc8   0x08002bc8   0x00000020   Code   RO         3030    i.RCC_APB2PeriphClockCmd  stm32f10x_rcc.o
    0x08002be8   0x08002be8   0x000000d4   Code   RO         3038    i.RCC_GetClocksFreq  stm32f10x_rcc.o
    0x08002cbc   0x08002cbc   0x00000044   Code   RO          474    i.Read_Speed        encoder.o
    0x08002d00   0x08002d00   0x00000002   Code   RO            7    i.SVC_Handler       stm32f10x_it.o
    0x08002d02   0x08002d02   0x00000002   PAD
    0x08002d04   0x08002d04   0x0000004c   Code   RO          339    i.Send_Byte         oled.o
    0x08002d50   0x08002d50   0x00000008   Code   RO          152    i.SetSysClock       system_stm32f10x.o
    0x08002d58   0x08002d58   0x000000e0   Code   RO          153    i.SetSysClockTo72   system_stm32f10x.o
    0x08002e38   0x08002e38   0x00000028   Code   RO         1465    i.SysTick_CLKSourceConfig  misc.o
    0x08002e60   0x08002e60   0x00000002   Code   RO            8    i.SysTick_Handler   stm32f10x_it.o
    0x08002e62   0x08002e62   0x00000002   PAD
    0x08002e64   0x08002e64   0x00000060   Code   RO          155    i.SystemInit        system_stm32f10x.o
    0x08002ec4   0x08002ec4   0x00000080   Code   RO         3646    i.TI1_Config        stm32f10x_tim.o
    0x08002f44   0x08002f44   0x00000098   Code   RO         3647    i.TI2_Config        stm32f10x_tim.o
    0x08002fdc   0x08002fdc   0x00000090   Code   RO         3648    i.TI3_Config        stm32f10x_tim.o
    0x0800306c   0x0800306c   0x00000098   Code   RO         3649    i.TI4_Config        stm32f10x_tim.o
    0x08003104   0x08003104   0x00000018   Code   RO          475    i.TIM2_IRQHandler   encoder.o
    0x0800311c   0x0800311c   0x0000001c   Code   RO          476    i.TIM4_IRQHandler   encoder.o
    0x08003138   0x08003138   0x00000018   Code   RO         3650    i.TIM_ARRPreloadConfig  stm32f10x_tim.o
    0x08003150   0x08003150   0x00000006   Code   RO         3656    i.TIM_ClearFlag     stm32f10x_tim.o
    0x08003156   0x08003156   0x00000006   Code   RO         3657    i.TIM_ClearITPendingBit  stm32f10x_tim.o
    0x0800315c   0x0800315c   0x00000018   Code   RO         3662    i.TIM_Cmd           stm32f10x_tim.o
    0x08003174   0x08003174   0x0000001e   Code   RO         3664    i.TIM_CtrlPWMOutputs  stm32f10x_tim.o
    0x08003192   0x08003192   0x00000042   Code   RO         3671    i.TIM_EncoderInterfaceConfig  stm32f10x_tim.o
    0x080031d4   0x080031d4   0x00000006   Code   RO         3681    i.TIM_GetCounter    stm32f10x_tim.o
    0x080031da   0x080031da   0x00000022   Code   RO         3683    i.TIM_GetITStatus   stm32f10x_tim.o
    0x080031fc   0x080031fc   0x000000ac   Code   RO         3685    i.TIM_ICInit        stm32f10x_tim.o
    0x080032a8   0x080032a8   0x00000012   Code   RO         3686    i.TIM_ICStructInit  stm32f10x_tim.o
    0x080032ba   0x080032ba   0x00000012   Code   RO         3687    i.TIM_ITConfig      stm32f10x_tim.o
    0x080032cc   0x080032cc   0x00000098   Code   RO         3691    i.TIM_OC1Init       stm32f10x_tim.o
    0x08003364   0x08003364   0x00000012   Code   RO         3694    i.TIM_OC1PreloadConfig  stm32f10x_tim.o
    0x08003376   0x08003376   0x00000002   PAD
    0x08003378   0x08003378   0x0000007c   Code   RO         3706    i.TIM_OC4Init       stm32f10x_tim.o
    0x080033f4   0x080033f4   0x0000001a   Code   RO         3708    i.TIM_OC4PreloadConfig  stm32f10x_tim.o
    0x0800340e   0x0800340e   0x00000004   Code   RO         3723    i.TIM_SetCompare1   stm32f10x_tim.o
    0x08003412   0x08003412   0x00000006   Code   RO         3726    i.TIM_SetCompare4   stm32f10x_tim.o
    0x08003418   0x08003418   0x00000004   Code   RO         3727    i.TIM_SetCounter    stm32f10x_tim.o
    0x0800341c   0x0800341c   0x00000012   Code   RO         3728    i.TIM_SetIC1Prescaler  stm32f10x_tim.o
    0x0800342e   0x0800342e   0x0000001a   Code   RO         3729    i.TIM_SetIC2Prescaler  stm32f10x_tim.o
    0x08003448   0x08003448   0x00000012   Code   RO         3730    i.TIM_SetIC3Prescaler  stm32f10x_tim.o
    0x0800345a   0x0800345a   0x0000001a   Code   RO         3731    i.TIM_SetIC4Prescaler  stm32f10x_tim.o
    0x08003474   0x08003474   0x000000a4   Code   RO         3733    i.TIM_TimeBaseInit  stm32f10x_tim.o
    0x08003518   0x08003518   0x00000012   Code   RO         3734    i.TIM_TimeBaseStructInit  stm32f10x_tim.o
    0x0800352a   0x0800352a   0x00000002   PAD
    0x0800352c   0x0800352c   0x00000048   Code   RO          563    i.Turn              control.o
    0x08003574   0x08003574   0x00000088   Code   RO         4466    i.USART1_IRQHandler  usart.o
    0x080035fc   0x080035fc   0x00000018   Code   RO         4198    i.USART_Cmd         stm32f10x_usart.o
    0x08003614   0x08003614   0x00000054   Code   RO         4202    i.USART_GetITStatus  stm32f10x_usart.o
    0x08003668   0x08003668   0x0000004a   Code   RO         4204    i.USART_ITConfig    stm32f10x_usart.o
    0x080036b2   0x080036b2   0x00000002   PAD
    0x080036b4   0x080036b4   0x000000d8   Code   RO         4205    i.USART_Init        stm32f10x_usart.o
    0x0800378c   0x0800378c   0x0000000a   Code   RO         4212    i.USART_ReceiveData  stm32f10x_usart.o
    0x08003796   0x08003796   0x00000004   Code   RO            9    i.UsageFault_Handler  stm32f10x_it.o
    0x0800379a   0x0800379a   0x00000002   PAD
    0x0800379c   0x0800379c   0x00000114   Code   RO          564    i.Velocity          control.o
    0x080038b0   0x080038b0   0x00000058   Code   RO          565    i.Vertical          control.o
    0x08003908   0x08003908   0x00000028   Code   RO         4715    i.__ARM_fpclassify  m_ws.l(fpclassify.o)
    0x08003930   0x08003930   0x000000aa   Code   RO         4717    i.__kernel_poly     m_ws.l(poly.o)
    0x080039da   0x080039da   0x00000006   Code   RO         4702    i.__mathlib_dbl_infnan  m_ws.l(dunder.o)
    0x080039e0   0x080039e0   0x00000004   Code   RO         4703    i.__mathlib_dbl_infnan2  m_ws.l(dunder.o)
    0x080039e4   0x080039e4   0x0000000c   Code   RO         4704    i.__mathlib_dbl_invalid  m_ws.l(dunder.o)
    0x080039f0   0x080039f0   0x00000010   Code   RO         4707    i.__mathlib_dbl_underflow  m_ws.l(dunder.o)
    0x08003a00   0x08003a00   0x0000000e   Code   RO         4558    i._is_digit         c_w.l(__printf_wp.o)
    0x08003a0e   0x08003a0e   0x00000004   Code   RO         4467    i._sys_exit         usart.o
    0x08003a12   0x08003a12   0x00000002   PAD
    0x08003a14   0x08003a14   0x000000ac   Code   RO          612    i.accel_self_test   inv_mpu.o
    0x08003ac0   0x08003ac0   0x00000270   Code   RO         4641    i.asin              m_ws.l(asin.o)
    0x08003d30   0x08003d30   0x00000220   Code   RO         4651    i.atan              m_ws.l(atan.o)
    0x08003f50   0x08003f50   0x00000180   Code   RO         4661    i.atan2             m_ws.l(atan2.o)
    0x080040d0   0x080040d0   0x00000064   Code   RO          944    i.decode_gesture    inv_mpu_dmp_motion_driver.o
    0x08004134   0x08004134   0x00000044   Code   RO         4428    i.delay_init        delay.o
    0x08004178   0x08004178   0x0000004c   Code   RO         4429    i.delay_ms          delay.o
    0x080041c4   0x080041c4   0x0000004c   Code   RO         4430    i.delay_us          delay.o
    0x08004210   0x08004210   0x0000003c   Code   RO          945    i.dmp_enable_6x_lp_quat  inv_mpu_dmp_motion_driver.o
    0x0800424c   0x0800424c   0x0000021c   Code   RO          946    i.dmp_enable_feature  inv_mpu_dmp_motion_driver.o
    0x08004468   0x08004468   0x00000058   Code   RO          947    i.dmp_enable_gyro_cal  inv_mpu_dmp_motion_driver.o
    0x080044c0   0x080044c0   0x0000003c   Code   RO          948    i.dmp_enable_lp_quat  inv_mpu_dmp_motion_driver.o
    0x080044fc   0x080044fc   0x00000018   Code   RO          953    i.dmp_load_motion_driver_firmware  inv_mpu_dmp_motion_driver.o
    0x08004514   0x08004514   0x000001cc   Code   RO          954    i.dmp_read_fifo     inv_mpu_dmp_motion_driver.o
    0x080046e0   0x080046e0   0x00000130   Code   RO          957    i.dmp_set_accel_bias  inv_mpu_dmp_motion_driver.o
    0x08004810   0x08004810   0x00000070   Code   RO          958    i.dmp_set_fifo_rate  inv_mpu_dmp_motion_driver.o
    0x08004880   0x08004880   0x00000130   Code   RO          959    i.dmp_set_gyro_bias  inv_mpu_dmp_motion_driver.o
    0x080049b0   0x080049b0   0x00000138   Code   RO          961    i.dmp_set_orientation  inv_mpu_dmp_motion_driver.o
    0x08004ae8   0x08004ae8   0x00000038   Code   RO          964    i.dmp_set_shake_reject_thresh  inv_mpu_dmp_motion_driver.o
    0x08004b20   0x08004b20   0x00000026   Code   RO          965    i.dmp_set_shake_reject_time  inv_mpu_dmp_motion_driver.o
    0x08004b46   0x08004b46   0x00000026   Code   RO          966    i.dmp_set_shake_reject_timeout  inv_mpu_dmp_motion_driver.o
    0x08004b6c   0x08004b6c   0x00000046   Code   RO          967    i.dmp_set_tap_axes  inv_mpu_dmp_motion_driver.o
    0x08004bb2   0x08004bb2   0x00000026   Code   RO          968    i.dmp_set_tap_count  inv_mpu_dmp_motion_driver.o
    0x08004bd8   0x08004bd8   0x000001a0   Code   RO          969    i.dmp_set_tap_thresh  inv_mpu_dmp_motion_driver.o
    0x08004d78   0x08004d78   0x00000026   Code   RO          970    i.dmp_set_tap_time  inv_mpu_dmp_motion_driver.o
    0x08004d9e   0x08004d9e   0x00000026   Code   RO          971    i.dmp_set_tap_time_multi  inv_mpu_dmp_motion_driver.o
    0x08004dc4   0x08004dc4   0x0000001c   Code   RO         4468    i.fputc             usart.o
    0x08004de0   0x08004de0   0x000000b4   Code   RO          613    i.get_accel_prod_shift  inv_mpu.o
    0x08004e94   0x08004e94   0x0000046c   Code   RO          614    i.get_st_biases     inv_mpu.o
    0x08005300   0x08005300   0x00000118   Code   RO          615    i.gyro_self_test    inv_mpu.o
    0x08005418   0x08005418   0x00000028   Code   RO          616    i.inv_orientation_matrix_to_scalar  inv_mpu.o
    0x08005440   0x08005440   0x0000004e   Code   RO          617    i.inv_row_2_scale   inv_mpu.o
    0x0800548e   0x0800548e   0x00000002   PAD
    0x08005490   0x08005490   0x000001f8   Code   RO          186    i.main              main.o
    0x08005688   0x08005688   0x00000002   Code   RO          618    i.mget_ms           inv_mpu.o
    0x0800568a   0x0800568a   0x00000002   PAD
    0x0800568c   0x0800568c   0x00000070   Code   RO          619    i.mpu_configure_fifo  inv_mpu.o
    0x080056fc   0x080056fc   0x00000224   Code   RO          620    i.mpu_dmp_get_data  inv_mpu.o
    0x08005920   0x08005920   0x000000a0   Code   RO          621    i.mpu_dmp_init      inv_mpu.o
    0x080059c0   0x080059c0   0x0000004c   Code   RO          622    i.mpu_get_accel_fsr  inv_mpu.o
    0x08005a0c   0x08005a0c   0x00000054   Code   RO          624    i.mpu_get_accel_sens  inv_mpu.o
    0x08005a60   0x08005a60   0x00000010   Code   RO          629    i.mpu_get_fifo_config  inv_mpu.o
    0x08005a70   0x08005a70   0x00000044   Code   RO          630    i.mpu_get_gyro_fsr  inv_mpu.o
    0x08005ab4   0x08005ab4   0x00000050   Code   RO          632    i.mpu_get_gyro_sens  inv_mpu.o
    0x08005b04   0x08005b04   0x00000050   Code   RO          634    i.mpu_get_lpf       inv_mpu.o
    0x08005b54   0x08005b54   0x00000020   Code   RO          636    i.mpu_get_sample_rate  inv_mpu.o
    0x08005b74   0x08005b74   0x000001f0   Code   RO          638    i.mpu_init          inv_mpu.o
    0x08005d64   0x08005d64   0x000000b8   Code   RO          639    i.mpu_load_firmware  inv_mpu.o
    0x08005e1c   0x08005e1c   0x000000e0   Code   RO          640    i.mpu_lp_accel_mode  inv_mpu.o
    0x08005efc   0x08005efc   0x000000c0   Code   RO          643    i.mpu_read_fifo_stream  inv_mpu.o
    0x08005fbc   0x08005fbc   0x00000080   Code   RO          644    i.mpu_read_mem      inv_mpu.o
    0x0800603c   0x0800603c   0x000001c8   Code   RO          647    i.mpu_reset_fifo    inv_mpu.o
    0x08006204   0x08006204   0x0000011c   Code   RO          648    i.mpu_run_self_test  inv_mpu.o
    0x08006320   0x08006320   0x00000084   Code   RO          650    i.mpu_set_accel_fsr  inv_mpu.o
    0x080063a4   0x080063a4   0x0000014c   Code   RO          651    i.mpu_set_bypass    inv_mpu.o
    0x080064f0   0x080064f0   0x00000090   Code   RO          653    i.mpu_set_dmp_state  inv_mpu.o
    0x08006580   0x08006580   0x00000088   Code   RO          654    i.mpu_set_gyro_fsr  inv_mpu.o
    0x08006608   0x08006608   0x0000006c   Code   RO          655    i.mpu_set_int_latched  inv_mpu.o
    0x08006674   0x08006674   0x00000084   Code   RO          657    i.mpu_set_lpf       inv_mpu.o
    0x080066f8   0x080066f8   0x0000009c   Code   RO          658    i.mpu_set_sample_rate  inv_mpu.o
    0x08006794   0x08006794   0x000000d0   Code   RO          659    i.mpu_set_sensors   inv_mpu.o
    0x08006864   0x08006864   0x00000080   Code   RO          660    i.mpu_write_mem     inv_mpu.o
    0x080068e4   0x080068e4   0x00000098   Code   RO          661    i.run_self_test     inv_mpu.o
    0x0800697c   0x0800697c   0x00000090   Code   RO          662    i.set_int_enable    inv_mpu.o
    0x08006a0c   0x08006a0c   0x0000004c   Code   RO         4721    i.sqrt              m_ws.l(sqrt.o)
    0x08006a58   0x08006a58   0x000000a0   Code   RO         4469    i.uart_init         usart.o
    0x08006af8   0x08006af8   0x0000002c   Code   RO         4793    locale$$code        c_w.l(lc_numeric_c.o)
    0x08006b24   0x08006b24   0x00000062   Code   RO         4580    x$fpl$d2f           fz_ws.l(d2f.o)
    0x08006b86   0x08006b86   0x00000002   PAD
    0x08006b88   0x08006b88   0x00000150   Code   RO         4582    x$fpl$dadd          fz_ws.l(daddsub_clz.o)
    0x08006cd8   0x08006cd8   0x00000010   Code   RO         4797    x$fpl$dcheck1       fz_ws.l(dcheck1.o)
    0x08006ce8   0x08006ce8   0x000002b0   Code   RO         4589    x$fpl$ddiv          fz_ws.l(ddiv.o)
    0x08006f98   0x08006f98   0x0000005e   Code   RO         4592    x$fpl$dfix          fz_ws.l(dfix.o)
    0x08006ff6   0x08006ff6   0x0000002e   Code   RO         4597    x$fpl$dflt          fz_ws.l(dflt_clz.o)
    0x08007024   0x08007024   0x00000154   Code   RO         4602    x$fpl$dmul          fz_ws.l(dmul.o)
    0x08007178   0x08007178   0x0000009c   Code   RO         4688    x$fpl$dnaninf       fz_ws.l(dnaninf.o)
    0x08007214   0x08007214   0x0000000c   Code   RO         4690    x$fpl$dretinf       fz_ws.l(dretinf.o)
    0x08007220   0x08007220   0x00000016   Code   RO         4583    x$fpl$drsb          fz_ws.l(daddsub_clz.o)
    0x08007236   0x08007236   0x00000002   PAD
    0x08007238   0x08007238   0x000001cc   Code   RO         4801    x$fpl$dsqrt         fz_ws.l(dsqrt_noumaal.o)
    0x08007404   0x08007404   0x000001d4   Code   RO         4584    x$fpl$dsub          fz_ws.l(daddsub_clz.o)
    0x080075d8   0x080075d8   0x00000056   Code   RO         4604    x$fpl$f2d           fz_ws.l(f2d.o)
    0x0800762e   0x0800762e   0x00000002   PAD
    0x08007630   0x08007630   0x000000c4   Code   RO         4606    x$fpl$fadd          fz_ws.l(faddsub_clz.o)
    0x080076f4   0x080076f4   0x00000018   Code   RO         4692    x$fpl$fcmpinf       fz_ws.l(fcmpi.o)
    0x0800770c   0x0800770c   0x00000184   Code   RO         4613    x$fpl$fdiv          fz_ws.l(fdiv.o)
    0x08007890   0x08007890   0x00000068   Code   RO         4616    x$fpl$feqf          fz_ws.l(feqf.o)
    0x080078f8   0x080078f8   0x00000036   Code   RO         4618    x$fpl$ffix          fz_ws.l(ffix.o)
    0x0800792e   0x0800792e   0x00000002   PAD
    0x08007930   0x08007930   0x0000003e   Code   RO         4622    x$fpl$ffixu         fz_ws.l(ffixu.o)
    0x0800796e   0x0800796e   0x00000002   PAD
    0x08007970   0x08007970   0x00000030   Code   RO         4627    x$fpl$fflt          fz_ws.l(fflt_clz.o)
    0x080079a0   0x080079a0   0x00000026   Code   RO         4626    x$fpl$ffltu         fz_ws.l(fflt_clz.o)
    0x080079c6   0x080079c6   0x00000002   PAD
    0x080079c8   0x080079c8   0x00000068   Code   RO         4632    x$fpl$fleqf         fz_ws.l(fleqf.o)
    0x08007a30   0x08007a30   0x00000102   Code   RO         4634    x$fpl$fmul          fz_ws.l(fmul.o)
    0x08007b32   0x08007b32   0x0000008c   Code   RO         4694    x$fpl$fnaninf       fz_ws.l(fnaninf.o)
    0x08007bbe   0x08007bbe   0x0000000a   Code   RO         4696    x$fpl$fretinf       fz_ws.l(fretinf.o)
    0x08007bc8   0x08007bc8   0x00000062   Code   RO         4636    x$fpl$frleqf        fz_ws.l(frleqf.o)
    0x08007c2a   0x08007c2a   0x00000002   PAD
    0x08007c2c   0x08007c2c   0x000000ea   Code   RO         4608    x$fpl$fsub          fz_ws.l(faddsub_clz.o)
    0x08007d16   0x08007d16   0x00000004   Code   RO         4638    x$fpl$printf1       fz_ws.l(printf1.o)
    0x08007d1a   0x08007d1a   0x00000064   Code   RO         4869    x$fpl$retnan        fz_ws.l(retnan.o)
    0x08007d7e   0x08007d7e   0x0000005c   Code   RO         4698    x$fpl$scalbn        fz_ws.l(scalbn.o)
    0x08007dda   0x08007dda   0x00000030   Code   RO         4881    x$fpl$trapveneer    fz_ws.l(trapv.o)
    0x08007e0a   0x08007e0a   0x00000000   Code   RO         4700    x$fpl$usenofp       fz_ws.l(usenofp.o)
    0x08007e0a   0x08007e0a   0x00001e10   Data   RO          341    .constdata          oled.o
    0x08009c1a   0x08009c1a   0x00000002   PAD
    0x08009c1c   0x08009c1c   0x00000050   Data   RO          664    .constdata          inv_mpu.o
    0x08009c6c   0x08009c6c   0x00000bf6   Data   RO          973    .constdata          inv_mpu_dmp_motion_driver.o
    0x0800a862   0x0800a862   0x0000000a   Data   RO         1390    .constdata          24l01.o
    0x0800a86c   0x0800a86c   0x00000011   Data   RO         4561    .constdata          c_w.l(__printf_flags_wp.o)
    0x0800a87d   0x0800a87d   0x00000003   PAD
    0x0800a880   0x0800a880   0x00000050   Data   RO         4642    .constdata          m_ws.l(asin.o)
    0x0800a8d0   0x0800a8d0   0x00000098   Data   RO         4652    .constdata          m_ws.l(atan.o)
    0x0800a968   0x0800a968   0x00000008   Data   RO         4719    .constdata          m_ws.l(qnan.o)
    0x0800a970   0x0800a970   0x00000094   Data   RO         4764    .constdata          c_w.l(bigflt0.o)
    0x0800aa04   0x0800aa04   0x0000004d   Data   RO          665    .conststring        inv_mpu.o
    0x0800aa51   0x0800aa51   0x00000003   PAD
    0x0800aa54   0x0800aa54   0x00000020   Data   RO         4952    Region$$Table       anon$$obj.o
    0x0800aa74   0x0800aa74   0x0000001c   Data   RO         4792    locale$$data        c_w.l(lc_numeric_c.o)


    Execution Region RW_IRAM1 (Exec base: 0x20000000, Load base: 0x0800aa90, Size: 0x00001578, Max: 0x00005000, ABSOLUTE, COMPRESSED[0x00000250])

    Exec Addr    Load Addr    Size         Type   Attr      Idx    E Section Name        Object

    0x20000000   COMPRESSED   0x00000014   Data   RW          156    .data               system_stm32f10x.o
    0x20000014   COMPRESSED   0x00000820   Data   RW          188    .data               main.o
    0x20000834   COMPRESSED   0x00000060   Data   RW          566    .data               control.o
    0x20000894   COMPRESSED   0x00000035   Data   RW          666    .data               inv_mpu.o
    0x200008c9   COMPRESSED   0x00000003   PAD
    0x200008cc   COMPRESSED   0x00000080   Data   RW         1307    .data               kalman.o
    0x2000094c   COMPRESSED   0x00000014   Data   RW         3058    .data               stm32f10x_rcc.o
    0x20000960   COMPRESSED   0x00000004   Data   RW         4431    .data               delay.o
    0x20000964   COMPRESSED   0x00000006   Data   RW         4471    .data               usart.o
    0x2000096a   COMPRESSED   0x00000002   PAD
    0x2000096c        -       0x00000054   Zero   RW          187    .bss                main.o
    0x200009c0        -       0x00000480   Zero   RW          340    .bss                oled.o
    0x20000e40        -       0x00000010   Zero   RW          972    .bss                inv_mpu_dmp_motion_driver.o
    0x20000e50        -       0x000000c8   Zero   RW         4470    .bss                usart.o
    0x20000f18        -       0x00000060   Zero   RW         4806    .bss                c_w.l(libspace.o)
    0x20000f78        -       0x00000200   Zero   RW          311    HEAP                startup_stm32f10x_md.o
    0x20001178        -       0x00000400   Zero   RW          310    STACK               startup_stm32f10x_md.o


==============================================================================

Image component sizes


      Code (inc. data)   RO Data    RW Data    ZI Data      Debug   Object Name

       696         80         10          0          0       5687   24l01.o
       780        144          0         96          0       3332   control.o
         0          0          0          0          0         32   core_cm3.o
       220         26          0          4          0       1639   delay.o
       436         22          0          0          0       2813   encoder.o
        80          6          0          0          0        532   exti.o
      6876        290        157         53          0      34875   inv_mpu.o
      3096        122       3062          0         16      20262   inv_mpu_dmp_motion_driver.o
         0          0          0        128          0       1708   kalman.o
        92         10          0          0          0        483   led.o
       504         74          0       2080         84     209214   main.o
       172         22          0          0          0       2093   misc.o
       260         26          0          0          0       2078   motor.o
       758         12          0          0          0       6895   mpu6050.o
       662        100          0          0          0       4650   mpuiic.o
      1322         62       7696          0       1152       9419   oled.o
       172         10          0          0          0        724   pwm.o
        64         26        236          0       1536        784   startup_stm32f10x_md.o
       200         18          0          0          0       2148   stm32f10x_exti.o
       494         10          0          0          0       4492   stm32f10x_gpio.o
        26          0          0          0          0      51462   stm32f10x_it.o
       276         32          0         20          0       4454   stm32f10x_rcc.o
      1584        180          0          0          0      17300   stm32f10x_tim.o
       408          6          0          0          0       5002   stm32f10x_usart.o
        66          0          0          0          0        497   sys.o
       328         28          0         20          0       2101   system_stm32f10x.o
       328         26          0          6        200       4104   usart.o

    ----------------------------------------------------------------------
     19932       1332      11198       2412       2988     398780   Object Totals
         0          0         32          0          0          0   (incl. Generated)
        32          0          5          5          0          0   (incl. Padding)

    ----------------------------------------------------------------------

      Code (inc. data)   RO Data    RW Data    ZI Data      Debug   Library Member Name

       100          0          0          0          0          0   __dclz77c.o
         8          0          0          0          0         68   __main.o
       312          4         17          0          0         92   __printf_flags_wp.o
        14          0          0          0          0         68   __printf_wp.o
         0          0          0          0          0          0   __rtentry.o
        12          0          0          0          0          0   __rtentry2.o
         6          0          0          0          0          0   __rtentry4.o
        52          8          0          0          0          0   __scatter.o
        28          0          0          0          0          0   __scatter_zi.o
        48          6          0          0          0         96   _printf_char_common.o
        36          4          0          0          0         80   _printf_char_file.o
         6          0          0          0          0          0   _printf_d.o
       120         16          0          0          0         92   _printf_dec.o
         6          0          0          0          0          0   _printf_f.o
      1050          0          0          0          0        216   _printf_fp_dec.o
       128         16          0          0          0         84   _printf_fp_infnan.o
       178          0          0          0          0         88   _printf_intcommon.o
         0          0          0          0          0          0   _printf_percent.o
         4          0          0          0          0          0   _printf_percent_end.o
        22          0          0          0          0        100   _rserrno.o
        10          0          0          0          0         68   _sputc.o
        16          0          0          0          0         68   aeabi_memset.o
       220          4        148          0          0         96   bigflt0.o
      1910        128          0          0          0        672   btod.o
        18          0          0          0          0         80   exit.o
         8          0          0          0          0         68   ferror.o
         6          0          0          0          0        152   heapauxi.o
        44         10         28          0          0         76   lc_numeric_c.o
         2          0          0          0          0          0   libinit.o
        18          0          0          0          0          0   libinit2.o
         2          0          0          0          0          0   libshutdown.o
         2          0          0          0          0          0   libshutdown2.o
         8          4          0          0         96         68   libspace.o
        72          0          0          0          0         76   llsdiv.o
       138          0          0          0          0         80   lludiv10.o
       238          0          0          0          0        100   lludivv7m.o
        88          0          0          0          0         76   memcmp.o
        24          4          0          0          0         84   noretval__2printf.o
        40          6          0          0          0         84   noretval__2sprintf.o
         8          4          0          0          0         68   rt_errno_addr_intlibspace.o
         8          4          0          0          0         68   rt_locale_intlibspace.o
        68          0          0          0          0         68   rt_memclr.o
        78          0          0          0          0         80   rt_memclr_w.o
         2          0          0          0          0          0   rtexit.o
        10          0          0          0          0          0   rtexit2.o
       128          0          0          0          0         68   strcmpv7m.o
        74          0          0          0          0         80   sys_stackheap_outer.o
         2          0          0          0          0         68   use_no_semi.o
         2          0          0          0          0         68   use_no_semi_2.o
        98          4          0          0          0         92   d2f.o
       826         16          0          0          0        348   daddsub_clz.o
        16          4          0          0          0         68   dcheck1.o
       688        140          0          0          0        208   ddiv.o
        94          4          0          0          0         92   dfix.o
        46          0          0          0          0         68   dflt_clz.o
       340         12          0          0          0        104   dmul.o
       156          4          0          0          0         92   dnaninf.o
        12          0          0          0          0         68   dretinf.o
       460         56          0          0          0        120   dsqrt_noumaal.o
        86          4          0          0          0         84   f2d.o
       430          8          0          0          0        168   faddsub_clz.o
        24          0          0          0          0         68   fcmpi.o
       388         76          0          0          0         96   fdiv.o
       104          4          0          0          0         84   feqf.o
        54          4          0          0          0         84   ffix.o
        62          4          0          0          0         84   ffixu.o
        86          0          0          0          0        136   fflt_clz.o
       104          4          0          0          0         84   fleqf.o
       258          4          0          0          0         84   fmul.o
       140          4          0          0          0         84   fnaninf.o
        10          0          0          0          0         68   fretinf.o
        98          0          0          0          0         68   frleqf.o
         4          0          0          0          0         68   printf1.o
       100          0          0          0          0         68   retnan.o
        92          0          0          0          0         68   scalbn.o
        48          0          0          0          0         68   trapv.o
         0          0          0          0          0          0   usenofp.o
       624         52         80          0          0        168   asin.o
       544         70        152          0          0        124   atan.o
       384         38          0          0          0        144   atan2.o
        38          6          0          0          0        272   dunder.o
        40          0          0          0          0         68   fpclassify.o
       170          0          0          0          0         96   poly.o
         0          0          8          0          0          0   qnan.o
        76          0          0          0          0         84   sqrt.o

    ----------------------------------------------------------------------
     12098        736        436          0         96       7080   Library Totals
        24          0          3          0          0          0   (incl. Padding)

    ----------------------------------------------------------------------

      Code (inc. data)   RO Data    RW Data    ZI Data      Debug   Library Name

      5374        218        193          0         96       3400   c_w.l
      4824        352          0          0          0       2724   fz_ws.l
      1876        166        240          0          0        956   m_ws.l

    ----------------------------------------------------------------------
     12098        736        436          0         96       7080   Library Totals

    ----------------------------------------------------------------------

==============================================================================


      Code (inc. data)   RO Data    RW Data    ZI Data      Debug   

     32030       2068      11634       2412       3084     392752   Grand Totals
     32030       2068      11634        592       3084     392752   ELF Image Totals (compressed)
     32030       2068      11634        592          0          0   ROM Totals

==============================================================================

    Total RO  Size (Code + RO Data)                43664 (  42.64kB)
    Total RW  Size (RW Data + ZI Data)              5496 (   5.37kB)
    Total ROM Size (Code + RO Data + RW Data)      44256 (  43.22kB)

==============================================================================

